Archive member included because of file (symbol)

d:/es course/eclipes/tools/eclipse/winavr-20100110/bin/../lib/gcc/avr/4.3.3/avr5\libgcc.a(_udivmodsi4.o)
                              ./Atmega32_USART_Programe.o (__udivmodsi4)
d:/es course/eclipes/tools/eclipse/winavr-20100110/bin/../lib/gcc/avr/4.3.3/avr5\libgcc.a(_exit.o)
                              d:/es course/eclipes/tools/eclipse/winavr-20100110/bin/../lib/gcc/avr/4.3.3/../../../../avr/lib/avr5/crtm16.o (exit)
d:/es course/eclipes/tools/eclipse/winavr-20100110/bin/../lib/gcc/avr/4.3.3/avr5\libgcc.a(_copy_data.o)
                              ./LCD_Programme.o (__do_copy_data)
d:/es course/eclipes/tools/eclipse/winavr-20100110/bin/../lib/gcc/avr/4.3.3/avr5\libgcc.a(_clear_bss.o)
                              ./Atmega32_USART_Programe.o (__do_clear_bss)
d:/es course/eclipes/tools/eclipse/winavr-20100110/bin/../lib/gcc/avr/4.3.3/avr5\libgcc.a(_fixunssfsi.o)
                              ./LCD_Programme.o (__fixunssfsi)
d:/es course/eclipes/tools/eclipse/winavr-20100110/bin/../lib/gcc/avr/4.3.3/avr5\libgcc.a(_addsub_sf.o)
                              ./LCD_Programme.o (__subsf3)
d:/es course/eclipes/tools/eclipse/winavr-20100110/bin/../lib/gcc/avr/4.3.3/avr5\libgcc.a(_mul_sf.o)
                              ./LCD_Programme.o (__mulsf3)
d:/es course/eclipes/tools/eclipse/winavr-20100110/bin/../lib/gcc/avr/4.3.3/avr5\libgcc.a(_gt_sf.o)
                              ./LCD_Programme.o (__gtsf2)
d:/es course/eclipes/tools/eclipse/winavr-20100110/bin/../lib/gcc/avr/4.3.3/avr5\libgcc.a(_ge_sf.o)
                              d:/es course/eclipes/tools/eclipse/winavr-20100110/bin/../lib/gcc/avr/4.3.3/avr5\libgcc.a(_fixunssfsi.o) (__gesf2)
d:/es course/eclipes/tools/eclipse/winavr-20100110/bin/../lib/gcc/avr/4.3.3/avr5\libgcc.a(_lt_sf.o)
                              ./LCD_Programme.o (__ltsf2)
d:/es course/eclipes/tools/eclipse/winavr-20100110/bin/../lib/gcc/avr/4.3.3/avr5\libgcc.a(_sf_to_si.o)
                              d:/es course/eclipes/tools/eclipse/winavr-20100110/bin/../lib/gcc/avr/4.3.3/avr5\libgcc.a(_fixunssfsi.o) (__fixsfsi)
d:/es course/eclipes/tools/eclipse/winavr-20100110/bin/../lib/gcc/avr/4.3.3/avr5\libgcc.a(_thenan_sf.o)
                              d:/es course/eclipes/tools/eclipse/winavr-20100110/bin/../lib/gcc/avr/4.3.3/avr5\libgcc.a(_addsub_sf.o) (__thenan_sf)
d:/es course/eclipes/tools/eclipse/winavr-20100110/bin/../lib/gcc/avr/4.3.3/avr5\libgcc.a(_usi_to_sf.o)
                              ./LCD_Programme.o (__floatunsisf)
d:/es course/eclipes/tools/eclipse/winavr-20100110/bin/../lib/gcc/avr/4.3.3/avr5\libgcc.a(_prologue.o)
                              d:/es course/eclipes/tools/eclipse/winavr-20100110/bin/../lib/gcc/avr/4.3.3/avr5\libgcc.a(_addsub_sf.o) (__prologue_saves__)
d:/es course/eclipes/tools/eclipse/winavr-20100110/bin/../lib/gcc/avr/4.3.3/avr5\libgcc.a(_epilogue.o)
                              d:/es course/eclipes/tools/eclipse/winavr-20100110/bin/../lib/gcc/avr/4.3.3/avr5\libgcc.a(_addsub_sf.o) (__epilogue_restores__)
d:/es course/eclipes/tools/eclipse/winavr-20100110/bin/../lib/gcc/avr/4.3.3/avr5\libgcc.a(_clzsi2.o)
                              d:/es course/eclipes/tools/eclipse/winavr-20100110/bin/../lib/gcc/avr/4.3.3/avr5\libgcc.a(_usi_to_sf.o) (__clzsi2)
d:/es course/eclipes/tools/eclipse/winavr-20100110/bin/../lib/gcc/avr/4.3.3/avr5\libgcc.a(_pack_sf.o)
                              d:/es course/eclipes/tools/eclipse/winavr-20100110/bin/../lib/gcc/avr/4.3.3/avr5\libgcc.a(_addsub_sf.o) (__pack_f)
d:/es course/eclipes/tools/eclipse/winavr-20100110/bin/../lib/gcc/avr/4.3.3/avr5\libgcc.a(_unpack_sf.o)
                              d:/es course/eclipes/tools/eclipse/winavr-20100110/bin/../lib/gcc/avr/4.3.3/avr5\libgcc.a(_addsub_sf.o) (__unpack_f)
d:/es course/eclipes/tools/eclipse/winavr-20100110/bin/../lib/gcc/avr/4.3.3/avr5\libgcc.a(_fpcmp_parts_sf.o)
                              d:/es course/eclipes/tools/eclipse/winavr-20100110/bin/../lib/gcc/avr/4.3.3/avr5\libgcc.a(_gt_sf.o) (__fpcmp_parts_f)
d:/es course/eclipes/tools/eclipse/winavr-20100110/bin/../lib/gcc/avr/4.3.3/avr5\libgcc.a(_clz.o)
                              d:/es course/eclipes/tools/eclipse/winavr-20100110/bin/../lib/gcc/avr/4.3.3/avr5\libgcc.a(_clzsi2.o) (__clz_tab)
d:/es course/eclipes/tools/eclipse/winavr-20100110/bin/../lib/gcc/avr/4.3.3/../../../../avr/lib/avr5\libc.a(sprintf.o)
                              ./LCD_Programme.o (sprintf)
d:/es course/eclipes/tools/eclipse/winavr-20100110/bin/../lib/gcc/avr/4.3.3/../../../../avr/lib/avr5\libc.a(vfprintf_std.o)
                              d:/es course/eclipes/tools/eclipse/winavr-20100110/bin/../lib/gcc/avr/4.3.3/../../../../avr/lib/avr5\libc.a(sprintf.o) (vfprintf)
d:/es course/eclipes/tools/eclipse/winavr-20100110/bin/../lib/gcc/avr/4.3.3/../../../../avr/lib/avr5\libc.a(strnlen_P.o)
                              d:/es course/eclipes/tools/eclipse/winavr-20100110/bin/../lib/gcc/avr/4.3.3/../../../../avr/lib/avr5\libc.a(vfprintf_std.o) (strnlen_P)
d:/es course/eclipes/tools/eclipse/winavr-20100110/bin/../lib/gcc/avr/4.3.3/../../../../avr/lib/avr5\libc.a(strnlen.o)
                              d:/es course/eclipes/tools/eclipse/winavr-20100110/bin/../lib/gcc/avr/4.3.3/../../../../avr/lib/avr5\libc.a(vfprintf_std.o) (strnlen)
d:/es course/eclipes/tools/eclipse/winavr-20100110/bin/../lib/gcc/avr/4.3.3/../../../../avr/lib/avr5\libc.a(fputc.o)
                              d:/es course/eclipes/tools/eclipse/winavr-20100110/bin/../lib/gcc/avr/4.3.3/../../../../avr/lib/avr5\libc.a(vfprintf_std.o) (fputc)
d:/es course/eclipes/tools/eclipse/winavr-20100110/bin/../lib/gcc/avr/4.3.3/../../../../avr/lib/avr5\libc.a(ultoa_invert.o)
                              d:/es course/eclipes/tools/eclipse/winavr-20100110/bin/../lib/gcc/avr/4.3.3/../../../../avr/lib/avr5\libc.a(vfprintf_std.o) (__ultoa_invert)

Allocating common symbols
Common symbol       size              file

x                   0x2               ./main.o
G_usart_cnfg        0x2               ./Atmega32_USART_Programe.o
P_IRQ_CallBack      0x6               ./Atmega32_USART_Programe.o
Data                0x2               ./Atmega32_USART_Programe.o
usart_cfg           0xc               ./main.o
a                   0x2               ./main.o

Memory Configuration

Name             Origin             Length             Attributes
text             0x00000000         0x00020000         xr
data             0x00800060         0x0000ffa0         rw !x
eeprom           0x00810000         0x00010000         rw !x
fuse             0x00820000         0x00000400         rw !x
lock             0x00830000         0x00000400         rw !x
signature        0x00840000         0x00000400         rw !x
*default*        0x00000000         0xffffffff

Linker script and memory map

LOAD d:/es course/eclipes/tools/eclipse/winavr-20100110/bin/../lib/gcc/avr/4.3.3/../../../../avr/lib/avr5/crtm16.o
LOAD ./Atmega32_USART_Programe.o
LOAD ./DIO.o
LOAD ./LCD_Programme.o
LOAD ./main.o
LOAD d:/es course/eclipes/tools/eclipse/winavr-20100110/bin/../lib/gcc/avr/4.3.3/avr5\libgcc.a
LOAD d:/es course/eclipes/tools/eclipse/winavr-20100110/bin/../lib/gcc/avr/4.3.3/../../../../avr/lib/avr5\libc.a
LOAD d:/es course/eclipes/tools/eclipse/winavr-20100110/bin/../lib/gcc/avr/4.3.3/avr5\libgcc.a

.hash
 *(.hash)

.dynsym
 *(.dynsym)

.dynstr
 *(.dynstr)

.gnu.version
 *(.gnu.version)

.gnu.version_d
 *(.gnu.version_d)

.gnu.version_r
 *(.gnu.version_r)

.rel.init
 *(.rel.init)

.rela.init
 *(.rela.init)

.rel.text
 *(.rel.text)
 *(.rel.text.*)
 *(.rel.gnu.linkonce.t*)

.rela.text
 *(.rela.text)
 *(.rela.text.*)
 *(.rela.gnu.linkonce.t*)

.rel.fini
 *(.rel.fini)

.rela.fini
 *(.rela.fini)

.rel.rodata
 *(.rel.rodata)
 *(.rel.rodata.*)
 *(.rel.gnu.linkonce.r*)

.rela.rodata
 *(.rela.rodata)
 *(.rela.rodata.*)
 *(.rela.gnu.linkonce.r*)

.rel.data
 *(.rel.data)
 *(.rel.data.*)
 *(.rel.gnu.linkonce.d*)

.rela.data
 *(.rela.data)
 *(.rela.data.*)
 *(.rela.gnu.linkonce.d*)

.rel.ctors
 *(.rel.ctors)

.rela.ctors
 *(.rela.ctors)

.rel.dtors
 *(.rel.dtors)

.rela.dtors
 *(.rela.dtors)

.rel.got
 *(.rel.got)

.rela.got
 *(.rela.got)

.rel.bss
 *(.rel.bss)

.rela.bss
 *(.rela.bss)

.rel.plt
 *(.rel.plt)

.rela.plt
 *(.rela.plt)

.text           0x00000000     0x2ab8
 *(.vectors)
 .vectors       0x00000000       0x54 d:/es course/eclipes/tools/eclipse/winavr-20100110/bin/../lib/gcc/avr/4.3.3/../../../../avr/lib/avr5/crtm16.o
                0x00000000                __vectors
                0x00000000                __vector_default
 *(.vectors)
 *(.progmem.gcc*)
 *(.progmem*)
                0x00000054                . = ALIGN (0x2)
                0x00000054                __trampolines_start = .
 *(.trampolines)
 .trampolines   0x00000054        0x0 linker stubs
 *(.trampolines*)
                0x00000054                __trampolines_end = .
 *(.jumptables)
 *(.jumptables*)
 *(.lowtext)
 *(.lowtext*)
                0x00000054                __ctors_start = .
 *(.ctors)
                0x00000054                __ctors_end = .
                0x00000054                __dtors_start = .
 *(.dtors)
                0x00000054                __dtors_end = .
 SORT(*)(.ctors)
 SORT(*)(.dtors)
 *(.init0)
 .init0         0x00000054        0x0 d:/es course/eclipes/tools/eclipse/winavr-20100110/bin/../lib/gcc/avr/4.3.3/../../../../avr/lib/avr5/crtm16.o
                0x00000054                __init
 *(.init0)
 *(.init1)
 *(.init1)
 *(.init2)
 .init2         0x00000054        0xc d:/es course/eclipes/tools/eclipse/winavr-20100110/bin/../lib/gcc/avr/4.3.3/../../../../avr/lib/avr5/crtm16.o
 *(.init2)
 *(.init3)
 *(.init3)
 *(.init4)
 .init4         0x00000060       0x16 d:/es course/eclipes/tools/eclipse/winavr-20100110/bin/../lib/gcc/avr/4.3.3/avr5\libgcc.a(_copy_data.o)
                0x00000060                __do_copy_data
 .init4         0x00000076       0x10 d:/es course/eclipes/tools/eclipse/winavr-20100110/bin/../lib/gcc/avr/4.3.3/avr5\libgcc.a(_clear_bss.o)
                0x00000076                __do_clear_bss
 *(.init4)
 *(.init5)
 *(.init5)
 *(.init6)
 *(.init6)
 *(.init7)
 *(.init7)
 *(.init8)
 *(.init8)
 *(.init9)
 .init9         0x00000086        0x8 d:/es course/eclipes/tools/eclipse/winavr-20100110/bin/../lib/gcc/avr/4.3.3/../../../../avr/lib/avr5/crtm16.o
 *(.init9)
 *(.text)
 .text          0x0000008e        0x4 d:/es course/eclipes/tools/eclipse/winavr-20100110/bin/../lib/gcc/avr/4.3.3/../../../../avr/lib/avr5/crtm16.o
                0x0000008e                __vector_1
                0x0000008e                __vector_12
                0x0000008e                __bad_interrupt
                0x0000008e                __vector_6
                0x0000008e                __vector_3
                0x0000008e                __vector_11
                0x0000008e                __vector_17
                0x0000008e                __vector_19
                0x0000008e                __vector_7
                0x0000008e                __vector_5
                0x0000008e                __vector_4
                0x0000008e                __vector_9
                0x0000008e                __vector_2
                0x0000008e                __vector_8
                0x0000008e                __vector_10
                0x0000008e                __vector_16
                0x0000008e                __vector_18
                0x0000008e                __vector_20
 .text          0x00000092        0x0 ./Atmega32_USART_Programe.o
 .text          0x00000092        0x0 ./DIO.o
 .text          0x00000092        0x0 ./LCD_Programme.o
 .text          0x00000092        0x0 ./main.o
 .text          0x00000092        0x0 d:/es course/eclipes/tools/eclipse/winavr-20100110/bin/../lib/gcc/avr/4.3.3/avr5\libgcc.a(_udivmodsi4.o)
 .text          0x00000092        0x0 d:/es course/eclipes/tools/eclipse/winavr-20100110/bin/../lib/gcc/avr/4.3.3/avr5\libgcc.a(_exit.o)
 .text          0x00000092        0x0 d:/es course/eclipes/tools/eclipse/winavr-20100110/bin/../lib/gcc/avr/4.3.3/avr5\libgcc.a(_copy_data.o)
 .text          0x00000092        0x0 d:/es course/eclipes/tools/eclipse/winavr-20100110/bin/../lib/gcc/avr/4.3.3/avr5\libgcc.a(_clear_bss.o)
 .text          0x00000092       0x58 d:/es course/eclipes/tools/eclipse/winavr-20100110/bin/../lib/gcc/avr/4.3.3/avr5\libgcc.a(_fixunssfsi.o)
                0x00000092                __fixunssfsi
 .text          0x000000ea      0x354 d:/es course/eclipes/tools/eclipse/winavr-20100110/bin/../lib/gcc/avr/4.3.3/avr5\libgcc.a(_addsub_sf.o)
                0x00000382                __subsf3
                0x000003e4                __addsf3
 .text          0x0000043e      0x1f4 d:/es course/eclipes/tools/eclipse/winavr-20100110/bin/../lib/gcc/avr/4.3.3/avr5\libgcc.a(_mul_sf.o)
                0x0000043e                __mulsf3
 .text          0x00000632       0x60 d:/es course/eclipes/tools/eclipse/winavr-20100110/bin/../lib/gcc/avr/4.3.3/avr5\libgcc.a(_gt_sf.o)
                0x00000632                __gtsf2
 .text          0x00000692       0x60 d:/es course/eclipes/tools/eclipse/winavr-20100110/bin/../lib/gcc/avr/4.3.3/avr5\libgcc.a(_ge_sf.o)
                0x00000692                __gesf2
 .text          0x000006f2       0x60 d:/es course/eclipes/tools/eclipse/winavr-20100110/bin/../lib/gcc/avr/4.3.3/avr5\libgcc.a(_lt_sf.o)
                0x000006f2                __ltsf2
 .text          0x00000752       0xa8 d:/es course/eclipes/tools/eclipse/winavr-20100110/bin/../lib/gcc/avr/4.3.3/avr5\libgcc.a(_sf_to_si.o)
                0x00000752                __fixsfsi
 .text          0x000007fa        0x0 d:/es course/eclipes/tools/eclipse/winavr-20100110/bin/../lib/gcc/avr/4.3.3/avr5\libgcc.a(_thenan_sf.o)
 .text          0x000007fa       0xf2 d:/es course/eclipes/tools/eclipse/winavr-20100110/bin/../lib/gcc/avr/4.3.3/avr5\libgcc.a(_usi_to_sf.o)
                0x000007fa                __floatunsisf
 .text          0x000008ec        0x0 d:/es course/eclipes/tools/eclipse/winavr-20100110/bin/../lib/gcc/avr/4.3.3/avr5\libgcc.a(_prologue.o)
 .text          0x000008ec        0x0 d:/es course/eclipes/tools/eclipse/winavr-20100110/bin/../lib/gcc/avr/4.3.3/avr5\libgcc.a(_epilogue.o)
 .text          0x000008ec       0x9e d:/es course/eclipes/tools/eclipse/winavr-20100110/bin/../lib/gcc/avr/4.3.3/avr5\libgcc.a(_clzsi2.o)
                0x000008ec                __clzsi2
 .text          0x0000098a      0x1aa d:/es course/eclipes/tools/eclipse/winavr-20100110/bin/../lib/gcc/avr/4.3.3/avr5\libgcc.a(_pack_sf.o)
                0x0000098a                __pack_f
 .text          0x00000b34       0xf0 d:/es course/eclipes/tools/eclipse/winavr-20100110/bin/../lib/gcc/avr/4.3.3/avr5\libgcc.a(_unpack_sf.o)
                0x00000b34                __unpack_f
 .text          0x00000c24       0xb2 d:/es course/eclipes/tools/eclipse/winavr-20100110/bin/../lib/gcc/avr/4.3.3/avr5\libgcc.a(_fpcmp_parts_sf.o)
                0x00000c24                __fpcmp_parts_f
 .text          0x00000cd6        0x0 d:/es course/eclipes/tools/eclipse/winavr-20100110/bin/../lib/gcc/avr/4.3.3/avr5\libgcc.a(_clz.o)
 .text          0x00000cd6        0x0 d:/es course/eclipes/tools/eclipse/winavr-20100110/bin/../lib/gcc/avr/4.3.3/../../../../avr/lib/avr5\libc.a(sprintf.o)
 .text          0x00000cd6        0x0 d:/es course/eclipes/tools/eclipse/winavr-20100110/bin/../lib/gcc/avr/4.3.3/../../../../avr/lib/avr5\libc.a(vfprintf_std.o)
 .text          0x00000cd6        0x0 d:/es course/eclipes/tools/eclipse/winavr-20100110/bin/../lib/gcc/avr/4.3.3/../../../../avr/lib/avr5\libc.a(strnlen_P.o)
 .text          0x00000cd6        0x0 d:/es course/eclipes/tools/eclipse/winavr-20100110/bin/../lib/gcc/avr/4.3.3/../../../../avr/lib/avr5\libc.a(strnlen.o)
 .text          0x00000cd6        0x0 d:/es course/eclipes/tools/eclipse/winavr-20100110/bin/../lib/gcc/avr/4.3.3/../../../../avr/lib/avr5\libc.a(fputc.o)
 .text          0x00000cd6        0x0 d:/es course/eclipes/tools/eclipse/winavr-20100110/bin/../lib/gcc/avr/4.3.3/../../../../avr/lib/avr5\libc.a(ultoa_invert.o)
                0x00000cd6                . = ALIGN (0x2)
 *(.text.*)
 .text.USART_ReadUCSRC
                0x00000cd6       0x24 ./Atmega32_USART_Programe.o
                0x00000cd6                USART_ReadUCSRC
 .text.Send_Data
                0x00000cfa       0x96 ./Atmega32_USART_Programe.o
                0x00000cfa                Send_Data
 .text.RXC_CallBack
                0x00000d90        0xe ./Atmega32_USART_Programe.o
                0x00000d90                RXC_CallBack
 .text.TXC_CallBack
                0x00000d9e        0xe ./Atmega32_USART_Programe.o
                0x00000d9e                TXC_CallBack
 .text.UDRIE_CallBack
                0x00000dac       0x24 ./Atmega32_USART_Programe.o
                0x00000dac                UDRIE_CallBack
 .text.MCAL_USART_Init
                0x00000dd0      0x200 ./Atmega32_USART_Programe.o
                0x00000dd0                MCAL_USART_Init
 .text.MCAL_USART_Send
                0x00000fd0       0x7c ./Atmega32_USART_Programe.o
                0x00000fd0                MCAL_USART_Send
 .text.MCAL_USART_Resive
                0x0000104c       0xb4 ./Atmega32_USART_Programe.o
                0x0000104c                MCAL_USART_Resive
 .text.MCAL_USART_SendString
                0x00001100       0x18 ./Atmega32_USART_Programe.o
                0x00001100                MCAL_USART_SendString
 .text.MCAL_USART_ResiveString
                0x00001118       0x18 ./Atmega32_USART_Programe.o
                0x00001118                MCAL_USART_ResiveString
 .text.__vector_13
                0x00001130       0x5a ./Atmega32_USART_Programe.o
                0x00001130                __vector_13
 .text.__vector_14
                0x0000118a       0x5a ./Atmega32_USART_Programe.o
                0x0000118a                __vector_14
 .text.__vector_15
                0x000011e4       0x5a ./Atmega32_USART_Programe.o
                0x000011e4                __vector_15
 .text.DIO_SetPinDirection
                0x0000123e      0x1e4 ./DIO.o
                0x0000123e                DIO_SetPinDirection
 .text.DIO_SetPinValue
                0x00001422      0x1e4 ./DIO.o
                0x00001422                DIO_SetPinValue
 .text.DIO_GetPinValue
                0x00001606      0x15a ./DIO.o
                0x00001606                DIO_GetPinValue
 .text.DIO_TogglePinValue
                0x00001760      0x10a ./DIO.o
                0x00001760                DIO_TogglePinValue
 .text.DIO_SetInputPinResistance
                0x0000186a      0x10a ./DIO.o
                0x0000186a                DIO_SetInputPinResistance
 .text.DIO_SetPortDirection
                0x00001974       0xd0 ./DIO.o
                0x00001974                DIO_SetPortDirection
 .text.DIO_SetPortValue
                0x00001a44       0x88 ./DIO.o
                0x00001a44                DIO_SetPortValue
 .text.DIO_GetPortValue
                0x00001acc       0x9e ./DIO.o
                0x00001acc                DIO_GetPortValue
 .text.DIO_TogglePortValue
                0x00001b6a       0x9e ./DIO.o
                0x00001b6a                DIO_TogglePortValue
 .text.DIO_SetInputPortResistance
                0x00001c08       0x84 ./DIO.o
                0x00001c08                DIO_SetInputPortResistance
 .text.LCD_EN_Pluse
                0x00001c8c      0x126 ./LCD_Programme.o
                0x00001c8c                LCD_EN_Pluse
 .text.LCD_init
                0x00001db2      0x26c ./LCD_Programme.o
                0x00001db2                LCD_init
 .text.LCD_Is_Busy
                0x0000201e       0x5e ./LCD_Programme.o
                0x0000201e                LCD_Is_Busy
 .text.LCD_Send_Command
                0x0000207c       0x76 ./LCD_Programme.o
                0x0000207c                LCD_Send_Command
 .text.LCD_Send_Character
                0x000020f2       0x72 ./LCD_Programme.o
                0x000020f2                LCD_Send_Character
 .text.LCD_Send_string
                0x00002164       0x68 ./LCD_Programme.o
                0x00002164                LCD_Send_string
 .text.LCD_Clear_Screen
                0x000021cc       0x14 ./LCD_Programme.o
                0x000021cc                LCD_Clear_Screen
 .text.LCD_SET_Cursor
                0x000021e0       0x42 ./LCD_Programme.o
                0x000021e0                LCD_SET_Cursor
 .text.LCD_Display_Number
                0x00002222       0x6a ./LCD_Programme.o
                0x00002222                LCD_Display_Number
 .text.LCD_Display_Real_Number
                0x0000228c      0x164 ./LCD_Programme.o
                0x0000228c                LCD_Display_Real_Number
 .text.main     0x000023f0       0xd0 ./main.o
                0x000023f0                main
 .text.libgcc   0x000024c0       0x44 d:/es course/eclipes/tools/eclipse/winavr-20100110/bin/../lib/gcc/avr/4.3.3/avr5\libgcc.a(_udivmodsi4.o)
                0x000024c0                __udivmodsi4
 .text.libgcc   0x00002504        0x0 d:/es course/eclipes/tools/eclipse/winavr-20100110/bin/../lib/gcc/avr/4.3.3/avr5\libgcc.a(_exit.o)
 .text.libgcc   0x00002504        0x0 d:/es course/eclipes/tools/eclipse/winavr-20100110/bin/../lib/gcc/avr/4.3.3/avr5\libgcc.a(_copy_data.o)
 .text.libgcc   0x00002504        0x0 d:/es course/eclipes/tools/eclipse/winavr-20100110/bin/../lib/gcc/avr/4.3.3/avr5\libgcc.a(_clear_bss.o)
 .text.libgcc   0x00002504       0x38 d:/es course/eclipes/tools/eclipse/winavr-20100110/bin/../lib/gcc/avr/4.3.3/avr5\libgcc.a(_prologue.o)
                0x00002504                __prologue_saves__
 .text.libgcc   0x0000253c       0x36 d:/es course/eclipes/tools/eclipse/winavr-20100110/bin/../lib/gcc/avr/4.3.3/avr5\libgcc.a(_epilogue.o)
                0x0000253c                __epilogue_restores__
 .text.avr-libc
                0x00002572       0x48 d:/es course/eclipes/tools/eclipse/winavr-20100110/bin/../lib/gcc/avr/4.3.3/../../../../avr/lib/avr5\libc.a(sprintf.o)
                0x00002572                sprintf
 .text.avr-libc
                0x000025ba      0x3ba d:/es course/eclipes/tools/eclipse/winavr-20100110/bin/../lib/gcc/avr/4.3.3/../../../../avr/lib/avr5\libc.a(vfprintf_std.o)
                0x000025ba                vfprintf
 .text.avr-libc
                0x00002974       0x16 d:/es course/eclipes/tools/eclipse/winavr-20100110/bin/../lib/gcc/avr/4.3.3/../../../../avr/lib/avr5\libc.a(strnlen_P.o)
                0x00002974                strnlen_P
 .text.avr-libc
                0x0000298a       0x16 d:/es course/eclipes/tools/eclipse/winavr-20100110/bin/../lib/gcc/avr/4.3.3/../../../../avr/lib/avr5\libc.a(strnlen.o)
                0x0000298a                strnlen
 .text.avr-libc
                0x000029a0       0x58 d:/es course/eclipes/tools/eclipse/winavr-20100110/bin/../lib/gcc/avr/4.3.3/../../../../avr/lib/avr5\libc.a(fputc.o)
                0x000029a0                fputc
 .text.avr-libc
                0x000029f8       0xbc d:/es course/eclipes/tools/eclipse/winavr-20100110/bin/../lib/gcc/avr/4.3.3/../../../../avr/lib/avr5\libc.a(ultoa_invert.o)
                0x000029f8                __ultoa_invert
                0x00002ab4                . = ALIGN (0x2)
 *(.fini9)
 .fini9         0x00002ab4        0x0 d:/es course/eclipes/tools/eclipse/winavr-20100110/bin/../lib/gcc/avr/4.3.3/avr5\libgcc.a(_exit.o)
                0x00002ab4                exit
                0x00002ab4                _exit
 *(.fini9)
 *(.fini8)
 *(.fini8)
 *(.fini7)
 *(.fini7)
 *(.fini6)
 *(.fini6)
 *(.fini5)
 *(.fini5)
 *(.fini4)
 *(.fini4)
 *(.fini3)
 *(.fini3)
 *(.fini2)
 *(.fini2)
 *(.fini1)
 *(.fini1)
 *(.fini0)
 .fini0         0x00002ab4        0x4 d:/es course/eclipes/tools/eclipse/winavr-20100110/bin/../lib/gcc/avr/4.3.3/avr5\libgcc.a(_exit.o)
 *(.fini0)
                0x00002ab8                _etext = .

.data           0x00800060      0x122 load address 0x00002ab8
                0x00800060                PROVIDE (__data_start, .)
 *(.data)
 .data          0x00800060        0x0 d:/es course/eclipes/tools/eclipse/winavr-20100110/bin/../lib/gcc/avr/4.3.3/../../../../avr/lib/avr5/crtm16.o
 .data          0x00800060        0x0 ./Atmega32_USART_Programe.o
 .data          0x00800060        0x0 ./DIO.o
 .data          0x00800060       0x10 ./LCD_Programme.o
 .data          0x00800070        0xa ./main.o
 .data          0x0080007a        0x0 d:/es course/eclipes/tools/eclipse/winavr-20100110/bin/../lib/gcc/avr/4.3.3/avr5\libgcc.a(_udivmodsi4.o)
 .data          0x0080007a        0x0 d:/es course/eclipes/tools/eclipse/winavr-20100110/bin/../lib/gcc/avr/4.3.3/avr5\libgcc.a(_exit.o)
 .data          0x0080007a        0x0 d:/es course/eclipes/tools/eclipse/winavr-20100110/bin/../lib/gcc/avr/4.3.3/avr5\libgcc.a(_copy_data.o)
 .data          0x0080007a        0x0 d:/es course/eclipes/tools/eclipse/winavr-20100110/bin/../lib/gcc/avr/4.3.3/avr5\libgcc.a(_clear_bss.o)
 .data          0x0080007a        0x0 d:/es course/eclipes/tools/eclipse/winavr-20100110/bin/../lib/gcc/avr/4.3.3/avr5\libgcc.a(_fixunssfsi.o)
 .data          0x0080007a        0x0 d:/es course/eclipes/tools/eclipse/winavr-20100110/bin/../lib/gcc/avr/4.3.3/avr5\libgcc.a(_addsub_sf.o)
 .data          0x0080007a        0x0 d:/es course/eclipes/tools/eclipse/winavr-20100110/bin/../lib/gcc/avr/4.3.3/avr5\libgcc.a(_mul_sf.o)
 .data          0x0080007a        0x0 d:/es course/eclipes/tools/eclipse/winavr-20100110/bin/../lib/gcc/avr/4.3.3/avr5\libgcc.a(_gt_sf.o)
 .data          0x0080007a        0x0 d:/es course/eclipes/tools/eclipse/winavr-20100110/bin/../lib/gcc/avr/4.3.3/avr5\libgcc.a(_ge_sf.o)
 .data          0x0080007a        0x0 d:/es course/eclipes/tools/eclipse/winavr-20100110/bin/../lib/gcc/avr/4.3.3/avr5\libgcc.a(_lt_sf.o)
 .data          0x0080007a        0x0 d:/es course/eclipes/tools/eclipse/winavr-20100110/bin/../lib/gcc/avr/4.3.3/avr5\libgcc.a(_sf_to_si.o)
 .data          0x0080007a        0x8 d:/es course/eclipes/tools/eclipse/winavr-20100110/bin/../lib/gcc/avr/4.3.3/avr5\libgcc.a(_thenan_sf.o)
                0x0080007a                __thenan_sf
 .data          0x00800082        0x0 d:/es course/eclipes/tools/eclipse/winavr-20100110/bin/../lib/gcc/avr/4.3.3/avr5\libgcc.a(_usi_to_sf.o)
 .data          0x00800082        0x0 d:/es course/eclipes/tools/eclipse/winavr-20100110/bin/../lib/gcc/avr/4.3.3/avr5\libgcc.a(_prologue.o)
 .data          0x00800082        0x0 d:/es course/eclipes/tools/eclipse/winavr-20100110/bin/../lib/gcc/avr/4.3.3/avr5\libgcc.a(_epilogue.o)
 .data          0x00800082        0x0 d:/es course/eclipes/tools/eclipse/winavr-20100110/bin/../lib/gcc/avr/4.3.3/avr5\libgcc.a(_clzsi2.o)
 .data          0x00800082        0x0 d:/es course/eclipes/tools/eclipse/winavr-20100110/bin/../lib/gcc/avr/4.3.3/avr5\libgcc.a(_pack_sf.o)
 .data          0x00800082        0x0 d:/es course/eclipes/tools/eclipse/winavr-20100110/bin/../lib/gcc/avr/4.3.3/avr5\libgcc.a(_unpack_sf.o)
 .data          0x00800082        0x0 d:/es course/eclipes/tools/eclipse/winavr-20100110/bin/../lib/gcc/avr/4.3.3/avr5\libgcc.a(_fpcmp_parts_sf.o)
 .data          0x00800082      0x100 d:/es course/eclipes/tools/eclipse/winavr-20100110/bin/../lib/gcc/avr/4.3.3/avr5\libgcc.a(_clz.o)
                0x00800082                __clz_tab
 .data          0x00800182        0x0 d:/es course/eclipes/tools/eclipse/winavr-20100110/bin/../lib/gcc/avr/4.3.3/../../../../avr/lib/avr5\libc.a(sprintf.o)
 .data          0x00800182        0x0 d:/es course/eclipes/tools/eclipse/winavr-20100110/bin/../lib/gcc/avr/4.3.3/../../../../avr/lib/avr5\libc.a(vfprintf_std.o)
 .data          0x00800182        0x0 d:/es course/eclipes/tools/eclipse/winavr-20100110/bin/../lib/gcc/avr/4.3.3/../../../../avr/lib/avr5\libc.a(strnlen_P.o)
 .data          0x00800182        0x0 d:/es course/eclipes/tools/eclipse/winavr-20100110/bin/../lib/gcc/avr/4.3.3/../../../../avr/lib/avr5\libc.a(strnlen.o)
 .data          0x00800182        0x0 d:/es course/eclipes/tools/eclipse/winavr-20100110/bin/../lib/gcc/avr/4.3.3/../../../../avr/lib/avr5\libc.a(fputc.o)
 .data          0x00800182        0x0 d:/es course/eclipes/tools/eclipse/winavr-20100110/bin/../lib/gcc/avr/4.3.3/../../../../avr/lib/avr5\libc.a(ultoa_invert.o)
 *(.data*)
 *(.rodata)
 *(.rodata*)
 *(.gnu.linkonce.d*)
                0x00800182                . = ALIGN (0x2)
                0x00800182                _edata = .
                0x00800182                PROVIDE (__data_end, .)

.bss            0x00800182       0x1a
                0x00800182                PROVIDE (__bss_start, .)
 *(.bss)
 .bss           0x00800182        0x0 d:/es course/eclipes/tools/eclipse/winavr-20100110/bin/../lib/gcc/avr/4.3.3/../../../../avr/lib/avr5/crtm16.o
 .bss           0x00800182        0x0 ./Atmega32_USART_Programe.o
 .bss           0x00800182        0x0 ./DIO.o
 .bss           0x00800182        0x0 ./LCD_Programme.o
 .bss           0x00800182        0x0 ./main.o
 .bss           0x00800182        0x0 d:/es course/eclipes/tools/eclipse/winavr-20100110/bin/../lib/gcc/avr/4.3.3/avr5\libgcc.a(_udivmodsi4.o)
 .bss           0x00800182        0x0 d:/es course/eclipes/tools/eclipse/winavr-20100110/bin/../lib/gcc/avr/4.3.3/avr5\libgcc.a(_exit.o)
 .bss           0x00800182        0x0 d:/es course/eclipes/tools/eclipse/winavr-20100110/bin/../lib/gcc/avr/4.3.3/avr5\libgcc.a(_copy_data.o)
 .bss           0x00800182        0x0 d:/es course/eclipes/tools/eclipse/winavr-20100110/bin/../lib/gcc/avr/4.3.3/avr5\libgcc.a(_clear_bss.o)
 .bss           0x00800182        0x0 d:/es course/eclipes/tools/eclipse/winavr-20100110/bin/../lib/gcc/avr/4.3.3/avr5\libgcc.a(_fixunssfsi.o)
 .bss           0x00800182        0x0 d:/es course/eclipes/tools/eclipse/winavr-20100110/bin/../lib/gcc/avr/4.3.3/avr5\libgcc.a(_addsub_sf.o)
 .bss           0x00800182        0x0 d:/es course/eclipes/tools/eclipse/winavr-20100110/bin/../lib/gcc/avr/4.3.3/avr5\libgcc.a(_mul_sf.o)
 .bss           0x00800182        0x0 d:/es course/eclipes/tools/eclipse/winavr-20100110/bin/../lib/gcc/avr/4.3.3/avr5\libgcc.a(_gt_sf.o)
 .bss           0x00800182        0x0 d:/es course/eclipes/tools/eclipse/winavr-20100110/bin/../lib/gcc/avr/4.3.3/avr5\libgcc.a(_ge_sf.o)
 .bss           0x00800182        0x0 d:/es course/eclipes/tools/eclipse/winavr-20100110/bin/../lib/gcc/avr/4.3.3/avr5\libgcc.a(_lt_sf.o)
 .bss           0x00800182        0x0 d:/es course/eclipes/tools/eclipse/winavr-20100110/bin/../lib/gcc/avr/4.3.3/avr5\libgcc.a(_sf_to_si.o)
 .bss           0x00800182        0x0 d:/es course/eclipes/tools/eclipse/winavr-20100110/bin/../lib/gcc/avr/4.3.3/avr5\libgcc.a(_thenan_sf.o)
 .bss           0x00800182        0x0 d:/es course/eclipes/tools/eclipse/winavr-20100110/bin/../lib/gcc/avr/4.3.3/avr5\libgcc.a(_usi_to_sf.o)
 .bss           0x00800182        0x0 d:/es course/eclipes/tools/eclipse/winavr-20100110/bin/../lib/gcc/avr/4.3.3/avr5\libgcc.a(_prologue.o)
 .bss           0x00800182        0x0 d:/es course/eclipes/tools/eclipse/winavr-20100110/bin/../lib/gcc/avr/4.3.3/avr5\libgcc.a(_epilogue.o)
 .bss           0x00800182        0x0 d:/es course/eclipes/tools/eclipse/winavr-20100110/bin/../lib/gcc/avr/4.3.3/avr5\libgcc.a(_clzsi2.o)
 .bss           0x00800182        0x0 d:/es course/eclipes/tools/eclipse/winavr-20100110/bin/../lib/gcc/avr/4.3.3/avr5\libgcc.a(_pack_sf.o)
 .bss           0x00800182        0x0 d:/es course/eclipes/tools/eclipse/winavr-20100110/bin/../lib/gcc/avr/4.3.3/avr5\libgcc.a(_unpack_sf.o)
 .bss           0x00800182        0x0 d:/es course/eclipes/tools/eclipse/winavr-20100110/bin/../lib/gcc/avr/4.3.3/avr5\libgcc.a(_fpcmp_parts_sf.o)
 .bss           0x00800182        0x0 d:/es course/eclipes/tools/eclipse/winavr-20100110/bin/../lib/gcc/avr/4.3.3/avr5\libgcc.a(_clz.o)
 .bss           0x00800182        0x0 d:/es course/eclipes/tools/eclipse/winavr-20100110/bin/../lib/gcc/avr/4.3.3/../../../../avr/lib/avr5\libc.a(sprintf.o)
 .bss           0x00800182        0x0 d:/es course/eclipes/tools/eclipse/winavr-20100110/bin/../lib/gcc/avr/4.3.3/../../../../avr/lib/avr5\libc.a(vfprintf_std.o)
 .bss           0x00800182        0x0 d:/es course/eclipes/tools/eclipse/winavr-20100110/bin/../lib/gcc/avr/4.3.3/../../../../avr/lib/avr5\libc.a(strnlen_P.o)
 .bss           0x00800182        0x0 d:/es course/eclipes/tools/eclipse/winavr-20100110/bin/../lib/gcc/avr/4.3.3/../../../../avr/lib/avr5\libc.a(strnlen.o)
 .bss           0x00800182        0x0 d:/es course/eclipes/tools/eclipse/winavr-20100110/bin/../lib/gcc/avr/4.3.3/../../../../avr/lib/avr5\libc.a(fputc.o)
 .bss           0x00800182        0x0 d:/es course/eclipes/tools/eclipse/winavr-20100110/bin/../lib/gcc/avr/4.3.3/../../../../avr/lib/avr5\libc.a(ultoa_invert.o)
 *(.bss*)
 *(COMMON)
 COMMON         0x00800182        0xa ./Atmega32_USART_Programe.o
                0x00800182                G_usart_cnfg
                0x00800184                P_IRQ_CallBack
                0x0080018a                Data
 COMMON         0x0080018c       0x10 ./main.o
                0x0080018c                x
                0x0080018e                usart_cfg
                0x0080019a                a
                0x0080019c                PROVIDE (__bss_end, .)
                0x00002ab8                __data_load_start = LOADADDR (.data)
                0x00002bda                __data_load_end = (__data_load_start + SIZEOF (.data))

.noinit         0x0080019c        0x0
                0x0080019c                PROVIDE (__noinit_start, .)
 *(.noinit*)
                0x0080019c                PROVIDE (__noinit_end, .)
                0x0080019c                _end = .
                0x0080019c                PROVIDE (__heap_start, .)

.eeprom         0x00810000        0x0
 *(.eeprom*)
                0x00810000                __eeprom_end = .

.fuse
 *(.fuse)
 *(.lfuse)
 *(.hfuse)
 *(.efuse)

.lock
 *(.lock*)

.signature
 *(.signature*)

.stab           0x00000000     0x1b0c
 *(.stab)
 .stab          0x00000000      0x738 ./Atmega32_USART_Programe.o
 .stab          0x00000738      0x81c ./DIO.o
                                0x990 (size before relaxing)
 .stab          0x00000f54      0x990 ./LCD_Programme.o
                                0xb04 (size before relaxing)
 .stab          0x000018e4      0x228 ./main.o
                                0x42c (size before relaxing)

.stabstr        0x00000000      0xfe3
 *(.stabstr)
 .stabstr       0x00000000      0xfe3 ./Atmega32_USART_Programe.o

.stab.excl
 *(.stab.excl)

.stab.exclstr
 *(.stab.exclstr)

.stab.index
 *(.stab.index)

.stab.indexstr
 *(.stab.indexstr)

.comment
 *(.comment)

.debug
 *(.debug)

.line
 *(.line)

.debug_srcinfo
 *(.debug_srcinfo)

.debug_sfnames
 *(.debug_sfnames)

.debug_aranges  0x00000000      0x180
 *(.debug_aranges)
 .debug_aranges
                0x00000000       0x20 d:/es course/eclipes/tools/eclipse/winavr-20100110/bin/../lib/gcc/avr/4.3.3/avr5\libgcc.a(_fixunssfsi.o)
 .debug_aranges
                0x00000020       0x20 d:/es course/eclipes/tools/eclipse/winavr-20100110/bin/../lib/gcc/avr/4.3.3/avr5\libgcc.a(_addsub_sf.o)
 .debug_aranges
                0x00000040       0x20 d:/es course/eclipes/tools/eclipse/winavr-20100110/bin/../lib/gcc/avr/4.3.3/avr5\libgcc.a(_mul_sf.o)
 .debug_aranges
                0x00000060       0x20 d:/es course/eclipes/tools/eclipse/winavr-20100110/bin/../lib/gcc/avr/4.3.3/avr5\libgcc.a(_gt_sf.o)
 .debug_aranges
                0x00000080       0x20 d:/es course/eclipes/tools/eclipse/winavr-20100110/bin/../lib/gcc/avr/4.3.3/avr5\libgcc.a(_ge_sf.o)
 .debug_aranges
                0x000000a0       0x20 d:/es course/eclipes/tools/eclipse/winavr-20100110/bin/../lib/gcc/avr/4.3.3/avr5\libgcc.a(_lt_sf.o)
 .debug_aranges
                0x000000c0       0x20 d:/es course/eclipes/tools/eclipse/winavr-20100110/bin/../lib/gcc/avr/4.3.3/avr5\libgcc.a(_sf_to_si.o)
 .debug_aranges
                0x000000e0       0x20 d:/es course/eclipes/tools/eclipse/winavr-20100110/bin/../lib/gcc/avr/4.3.3/avr5\libgcc.a(_usi_to_sf.o)
 .debug_aranges
                0x00000100       0x20 d:/es course/eclipes/tools/eclipse/winavr-20100110/bin/../lib/gcc/avr/4.3.3/avr5\libgcc.a(_clzsi2.o)
 .debug_aranges
                0x00000120       0x20 d:/es course/eclipes/tools/eclipse/winavr-20100110/bin/../lib/gcc/avr/4.3.3/avr5\libgcc.a(_pack_sf.o)
 .debug_aranges
                0x00000140       0x20 d:/es course/eclipes/tools/eclipse/winavr-20100110/bin/../lib/gcc/avr/4.3.3/avr5\libgcc.a(_unpack_sf.o)
 .debug_aranges
                0x00000160       0x20 d:/es course/eclipes/tools/eclipse/winavr-20100110/bin/../lib/gcc/avr/4.3.3/avr5\libgcc.a(_fpcmp_parts_sf.o)

.debug_pubnames
                0x00000000      0x1d3
 *(.debug_pubnames)
 .debug_pubnames
                0x00000000       0x23 d:/es course/eclipes/tools/eclipse/winavr-20100110/bin/../lib/gcc/avr/4.3.3/avr5\libgcc.a(_fixunssfsi.o)
 .debug_pubnames
                0x00000023       0x2c d:/es course/eclipes/tools/eclipse/winavr-20100110/bin/../lib/gcc/avr/4.3.3/avr5\libgcc.a(_addsub_sf.o)
 .debug_pubnames
                0x0000004f       0x1f d:/es course/eclipes/tools/eclipse/winavr-20100110/bin/../lib/gcc/avr/4.3.3/avr5\libgcc.a(_mul_sf.o)
 .debug_pubnames
                0x0000006e       0x1e d:/es course/eclipes/tools/eclipse/winavr-20100110/bin/../lib/gcc/avr/4.3.3/avr5\libgcc.a(_gt_sf.o)
 .debug_pubnames
                0x0000008c       0x1e d:/es course/eclipes/tools/eclipse/winavr-20100110/bin/../lib/gcc/avr/4.3.3/avr5\libgcc.a(_ge_sf.o)
 .debug_pubnames
                0x000000aa       0x1e d:/es course/eclipes/tools/eclipse/winavr-20100110/bin/../lib/gcc/avr/4.3.3/avr5\libgcc.a(_lt_sf.o)
 .debug_pubnames
                0x000000c8       0x20 d:/es course/eclipes/tools/eclipse/winavr-20100110/bin/../lib/gcc/avr/4.3.3/avr5\libgcc.a(_sf_to_si.o)
 .debug_pubnames
                0x000000e8       0x22 d:/es course/eclipes/tools/eclipse/winavr-20100110/bin/../lib/gcc/avr/4.3.3/avr5\libgcc.a(_thenan_sf.o)
 .debug_pubnames
                0x0000010a       0x24 d:/es course/eclipes/tools/eclipse/winavr-20100110/bin/../lib/gcc/avr/4.3.3/avr5\libgcc.a(_usi_to_sf.o)
 .debug_pubnames
                0x0000012e       0x1f d:/es course/eclipes/tools/eclipse/winavr-20100110/bin/../lib/gcc/avr/4.3.3/avr5\libgcc.a(_clzsi2.o)
 .debug_pubnames
                0x0000014d       0x1f d:/es course/eclipes/tools/eclipse/winavr-20100110/bin/../lib/gcc/avr/4.3.3/avr5\libgcc.a(_pack_sf.o)
 .debug_pubnames
                0x0000016c       0x21 d:/es course/eclipes/tools/eclipse/winavr-20100110/bin/../lib/gcc/avr/4.3.3/avr5\libgcc.a(_unpack_sf.o)
 .debug_pubnames
                0x0000018d       0x26 d:/es course/eclipes/tools/eclipse/winavr-20100110/bin/../lib/gcc/avr/4.3.3/avr5\libgcc.a(_fpcmp_parts_sf.o)
 .debug_pubnames
                0x000001b3       0x20 d:/es course/eclipes/tools/eclipse/winavr-20100110/bin/../lib/gcc/avr/4.3.3/avr5\libgcc.a(_clz.o)

.debug_info     0x00000000     0x200f
 *(.debug_info)
 .debug_info    0x00000000       0xb1 d:/es course/eclipes/tools/eclipse/winavr-20100110/bin/../lib/gcc/avr/4.3.3/avr5\libgcc.a(_fixunssfsi.o)
 .debug_info    0x000000b1      0x47a d:/es course/eclipes/tools/eclipse/winavr-20100110/bin/../lib/gcc/avr/4.3.3/avr5\libgcc.a(_addsub_sf.o)
 .debug_info    0x0000052b      0x485 d:/es course/eclipes/tools/eclipse/winavr-20100110/bin/../lib/gcc/avr/4.3.3/avr5\libgcc.a(_mul_sf.o)
 .debug_info    0x000009b0      0x27f d:/es course/eclipes/tools/eclipse/winavr-20100110/bin/../lib/gcc/avr/4.3.3/avr5\libgcc.a(_gt_sf.o)
 .debug_info    0x00000c2f      0x27f d:/es course/eclipes/tools/eclipse/winavr-20100110/bin/../lib/gcc/avr/4.3.3/avr5\libgcc.a(_ge_sf.o)
 .debug_info    0x00000eae      0x27f d:/es course/eclipes/tools/eclipse/winavr-20100110/bin/../lib/gcc/avr/4.3.3/avr5\libgcc.a(_lt_sf.o)
 .debug_info    0x0000112d      0x2b0 d:/es course/eclipes/tools/eclipse/winavr-20100110/bin/../lib/gcc/avr/4.3.3/avr5\libgcc.a(_sf_to_si.o)
 .debug_info    0x000013dd      0x12c d:/es course/eclipes/tools/eclipse/winavr-20100110/bin/../lib/gcc/avr/4.3.3/avr5\libgcc.a(_thenan_sf.o)
 .debug_info    0x00001509      0x206 d:/es course/eclipes/tools/eclipse/winavr-20100110/bin/../lib/gcc/avr/4.3.3/avr5\libgcc.a(_usi_to_sf.o)
 .debug_info    0x0000170f      0x117 d:/es course/eclipes/tools/eclipse/winavr-20100110/bin/../lib/gcc/avr/4.3.3/avr5\libgcc.a(_clzsi2.o)
 .debug_info    0x00001826      0x2df d:/es course/eclipes/tools/eclipse/winavr-20100110/bin/../lib/gcc/avr/4.3.3/avr5\libgcc.a(_pack_sf.o)
 .debug_info    0x00001b05      0x251 d:/es course/eclipes/tools/eclipse/winavr-20100110/bin/../lib/gcc/avr/4.3.3/avr5\libgcc.a(_unpack_sf.o)
 .debug_info    0x00001d56      0x210 d:/es course/eclipes/tools/eclipse/winavr-20100110/bin/../lib/gcc/avr/4.3.3/avr5\libgcc.a(_fpcmp_parts_sf.o)
 .debug_info    0x00001f66       0xa9 d:/es course/eclipes/tools/eclipse/winavr-20100110/bin/../lib/gcc/avr/4.3.3/avr5\libgcc.a(_clz.o)
 *(.gnu.linkonce.wi.*)

.debug_abbrev   0x00000000     0x1170
 *(.debug_abbrev)
 .debug_abbrev  0x00000000       0x5d d:/es course/eclipes/tools/eclipse/winavr-20100110/bin/../lib/gcc/avr/4.3.3/avr5\libgcc.a(_fixunssfsi.o)
 .debug_abbrev  0x0000005d      0x1ea d:/es course/eclipes/tools/eclipse/winavr-20100110/bin/../lib/gcc/avr/4.3.3/avr5\libgcc.a(_addsub_sf.o)
 .debug_abbrev  0x00000247      0x21b d:/es course/eclipes/tools/eclipse/winavr-20100110/bin/../lib/gcc/avr/4.3.3/avr5\libgcc.a(_mul_sf.o)
 .debug_abbrev  0x00000462      0x15a d:/es course/eclipes/tools/eclipse/winavr-20100110/bin/../lib/gcc/avr/4.3.3/avr5\libgcc.a(_gt_sf.o)
 .debug_abbrev  0x000005bc      0x15a d:/es course/eclipes/tools/eclipse/winavr-20100110/bin/../lib/gcc/avr/4.3.3/avr5\libgcc.a(_ge_sf.o)
 .debug_abbrev  0x00000716      0x15a d:/es course/eclipes/tools/eclipse/winavr-20100110/bin/../lib/gcc/avr/4.3.3/avr5\libgcc.a(_lt_sf.o)
 .debug_abbrev  0x00000870      0x17f d:/es course/eclipes/tools/eclipse/winavr-20100110/bin/../lib/gcc/avr/4.3.3/avr5\libgcc.a(_sf_to_si.o)
 .debug_abbrev  0x000009ef       0xad d:/es course/eclipes/tools/eclipse/winavr-20100110/bin/../lib/gcc/avr/4.3.3/avr5\libgcc.a(_thenan_sf.o)
 .debug_abbrev  0x00000a9c      0x157 d:/es course/eclipes/tools/eclipse/winavr-20100110/bin/../lib/gcc/avr/4.3.3/avr5\libgcc.a(_usi_to_sf.o)
 .debug_abbrev  0x00000bf3       0xc4 d:/es course/eclipes/tools/eclipse/winavr-20100110/bin/../lib/gcc/avr/4.3.3/avr5\libgcc.a(_clzsi2.o)
 .debug_abbrev  0x00000cb7      0x1c0 d:/es course/eclipes/tools/eclipse/winavr-20100110/bin/../lib/gcc/avr/4.3.3/avr5\libgcc.a(_pack_sf.o)
 .debug_abbrev  0x00000e77      0x154 d:/es course/eclipes/tools/eclipse/winavr-20100110/bin/../lib/gcc/avr/4.3.3/avr5\libgcc.a(_unpack_sf.o)
 .debug_abbrev  0x00000fcb      0x13b d:/es course/eclipes/tools/eclipse/winavr-20100110/bin/../lib/gcc/avr/4.3.3/avr5\libgcc.a(_fpcmp_parts_sf.o)
 .debug_abbrev  0x00001106       0x6a d:/es course/eclipes/tools/eclipse/winavr-20100110/bin/../lib/gcc/avr/4.3.3/avr5\libgcc.a(_clz.o)

.debug_line     0x00000000     0x1001
 *(.debug_line)
 .debug_line    0x00000000       0xa7 d:/es course/eclipes/tools/eclipse/winavr-20100110/bin/../lib/gcc/avr/4.3.3/avr5\libgcc.a(_fixunssfsi.o)
 .debug_line    0x000000a7      0x2af d:/es course/eclipes/tools/eclipse/winavr-20100110/bin/../lib/gcc/avr/4.3.3/avr5\libgcc.a(_addsub_sf.o)
 .debug_line    0x00000356      0x239 d:/es course/eclipes/tools/eclipse/winavr-20100110/bin/../lib/gcc/avr/4.3.3/avr5\libgcc.a(_mul_sf.o)
 .debug_line    0x0000058f       0xd3 d:/es course/eclipes/tools/eclipse/winavr-20100110/bin/../lib/gcc/avr/4.3.3/avr5\libgcc.a(_gt_sf.o)
 .debug_line    0x00000662       0xd3 d:/es course/eclipes/tools/eclipse/winavr-20100110/bin/../lib/gcc/avr/4.3.3/avr5\libgcc.a(_ge_sf.o)
 .debug_line    0x00000735       0xd3 d:/es course/eclipes/tools/eclipse/winavr-20100110/bin/../lib/gcc/avr/4.3.3/avr5\libgcc.a(_lt_sf.o)
 .debug_line    0x00000808      0x109 d:/es course/eclipes/tools/eclipse/winavr-20100110/bin/../lib/gcc/avr/4.3.3/avr5\libgcc.a(_sf_to_si.o)
 .debug_line    0x00000911       0x90 d:/es course/eclipes/tools/eclipse/winavr-20100110/bin/../lib/gcc/avr/4.3.3/avr5\libgcc.a(_thenan_sf.o)
 .debug_line    0x000009a1      0x133 d:/es course/eclipes/tools/eclipse/winavr-20100110/bin/../lib/gcc/avr/4.3.3/avr5\libgcc.a(_usi_to_sf.o)
 .debug_line    0x00000ad4       0xa5 d:/es course/eclipes/tools/eclipse/winavr-20100110/bin/../lib/gcc/avr/4.3.3/avr5\libgcc.a(_clzsi2.o)
 .debug_line    0x00000b79      0x18a d:/es course/eclipes/tools/eclipse/winavr-20100110/bin/../lib/gcc/avr/4.3.3/avr5\libgcc.a(_pack_sf.o)
 .debug_line    0x00000d03      0x14b d:/es course/eclipes/tools/eclipse/winavr-20100110/bin/../lib/gcc/avr/4.3.3/avr5\libgcc.a(_unpack_sf.o)
 .debug_line    0x00000e4e      0x137 d:/es course/eclipes/tools/eclipse/winavr-20100110/bin/../lib/gcc/avr/4.3.3/avr5\libgcc.a(_fpcmp_parts_sf.o)
 .debug_line    0x00000f85       0x7c d:/es course/eclipes/tools/eclipse/winavr-20100110/bin/../lib/gcc/avr/4.3.3/avr5\libgcc.a(_clz.o)

.debug_frame    0x00000000      0x1a0
 *(.debug_frame)
 .debug_frame   0x00000000       0x20 d:/es course/eclipes/tools/eclipse/winavr-20100110/bin/../lib/gcc/avr/4.3.3/avr5\libgcc.a(_fixunssfsi.o)
 .debug_frame   0x00000020       0x40 d:/es course/eclipes/tools/eclipse/winavr-20100110/bin/../lib/gcc/avr/4.3.3/avr5\libgcc.a(_addsub_sf.o)
 .debug_frame   0x00000060       0x20 d:/es course/eclipes/tools/eclipse/winavr-20100110/bin/../lib/gcc/avr/4.3.3/avr5\libgcc.a(_mul_sf.o)
 .debug_frame   0x00000080       0x20 d:/es course/eclipes/tools/eclipse/winavr-20100110/bin/../lib/gcc/avr/4.3.3/avr5\libgcc.a(_gt_sf.o)
 .debug_frame   0x000000a0       0x20 d:/es course/eclipes/tools/eclipse/winavr-20100110/bin/../lib/gcc/avr/4.3.3/avr5\libgcc.a(_ge_sf.o)
 .debug_frame   0x000000c0       0x20 d:/es course/eclipes/tools/eclipse/winavr-20100110/bin/../lib/gcc/avr/4.3.3/avr5\libgcc.a(_lt_sf.o)
 .debug_frame   0x000000e0       0x20 d:/es course/eclipes/tools/eclipse/winavr-20100110/bin/../lib/gcc/avr/4.3.3/avr5\libgcc.a(_sf_to_si.o)
 .debug_frame   0x00000100       0x20 d:/es course/eclipes/tools/eclipse/winavr-20100110/bin/../lib/gcc/avr/4.3.3/avr5\libgcc.a(_usi_to_sf.o)
 .debug_frame   0x00000120       0x20 d:/es course/eclipes/tools/eclipse/winavr-20100110/bin/../lib/gcc/avr/4.3.3/avr5\libgcc.a(_clzsi2.o)
 .debug_frame   0x00000140       0x20 d:/es course/eclipes/tools/eclipse/winavr-20100110/bin/../lib/gcc/avr/4.3.3/avr5\libgcc.a(_pack_sf.o)
 .debug_frame   0x00000160       0x20 d:/es course/eclipes/tools/eclipse/winavr-20100110/bin/../lib/gcc/avr/4.3.3/avr5\libgcc.a(_unpack_sf.o)
 .debug_frame   0x00000180       0x20 d:/es course/eclipes/tools/eclipse/winavr-20100110/bin/../lib/gcc/avr/4.3.3/avr5\libgcc.a(_fpcmp_parts_sf.o)

.debug_str      0x00000000      0x2c1
 *(.debug_str)
 .debug_str     0x00000000       0xbf d:/es course/eclipes/tools/eclipse/winavr-20100110/bin/../lib/gcc/avr/4.3.3/avr5\libgcc.a(_fixunssfsi.o)
                                 0xfe (size before relaxing)
 .debug_str     0x000000bf      0x14d d:/es course/eclipes/tools/eclipse/winavr-20100110/bin/../lib/gcc/avr/4.3.3/avr5\libgcc.a(_addsub_sf.o)
                                0x206 (size before relaxing)
 .debug_str     0x0000020c       0x27 d:/es course/eclipes/tools/eclipse/winavr-20100110/bin/../lib/gcc/avr/4.3.3/avr5\libgcc.a(_mul_sf.o)
                                0x1bf (size before relaxing)
 .debug_str     0x00000233        0x8 d:/es course/eclipes/tools/eclipse/winavr-20100110/bin/../lib/gcc/avr/4.3.3/avr5\libgcc.a(_gt_sf.o)
                                0x195 (size before relaxing)
 .debug_str     0x0000023b        0x8 d:/es course/eclipes/tools/eclipse/winavr-20100110/bin/../lib/gcc/avr/4.3.3/avr5\libgcc.a(_ge_sf.o)
                                0x195 (size before relaxing)
 .debug_str     0x00000243        0x8 d:/es course/eclipes/tools/eclipse/winavr-20100110/bin/../lib/gcc/avr/4.3.3/avr5\libgcc.a(_lt_sf.o)
                                0x195 (size before relaxing)
 .debug_str     0x0000024b        0xa d:/es course/eclipes/tools/eclipse/winavr-20100110/bin/../lib/gcc/avr/4.3.3/avr5\libgcc.a(_sf_to_si.o)
                                0x19e (size before relaxing)
 .debug_str     0x00000000      0x103 d:/es course/eclipes/tools/eclipse/winavr-20100110/bin/../lib/gcc/avr/4.3.3/avr5\libgcc.a(_thenan_sf.o)
 .debug_str     0x00000255       0x21 d:/es course/eclipes/tools/eclipse/winavr-20100110/bin/../lib/gcc/avr/4.3.3/avr5\libgcc.a(_usi_to_sf.o)
                                0x177 (size before relaxing)
 .debug_str     0x00000276       0x20 d:/es course/eclipes/tools/eclipse/winavr-20100110/bin/../lib/gcc/avr/4.3.3/avr5\libgcc.a(_clzsi2.o)
                                0x111 (size before relaxing)
 .debug_str     0x00000296       0x10 d:/es course/eclipes/tools/eclipse/winavr-20100110/bin/../lib/gcc/avr/4.3.3/avr5\libgcc.a(_pack_sf.o)
                                0x19d (size before relaxing)
 .debug_str     0x000002a6        0xb d:/es course/eclipes/tools/eclipse/winavr-20100110/bin/../lib/gcc/avr/4.3.3/avr5\libgcc.a(_unpack_sf.o)
                                0x17f (size before relaxing)
 .debug_str     0x000002b1       0x10 d:/es course/eclipes/tools/eclipse/winavr-20100110/bin/../lib/gcc/avr/4.3.3/avr5\libgcc.a(_fpcmp_parts_sf.o)
                                0x163 (size before relaxing)
 .debug_str     0x00000000       0xf4 d:/es course/eclipes/tools/eclipse/winavr-20100110/bin/../lib/gcc/avr/4.3.3/avr5\libgcc.a(_clz.o)

.debug_loc      0x00000000      0x8ae
 *(.debug_loc)
 .debug_loc     0x00000000       0x34 d:/es course/eclipes/tools/eclipse/winavr-20100110/bin/../lib/gcc/avr/4.3.3/avr5\libgcc.a(_fixunssfsi.o)
 .debug_loc     0x00000034      0x32a d:/es course/eclipes/tools/eclipse/winavr-20100110/bin/../lib/gcc/avr/4.3.3/avr5\libgcc.a(_addsub_sf.o)
 .debug_loc     0x0000035e      0x104 d:/es course/eclipes/tools/eclipse/winavr-20100110/bin/../lib/gcc/avr/4.3.3/avr5\libgcc.a(_mul_sf.o)
 .debug_loc     0x00000462       0x3c d:/es course/eclipes/tools/eclipse/winavr-20100110/bin/../lib/gcc/avr/4.3.3/avr5\libgcc.a(_gt_sf.o)
 .debug_loc     0x0000049e       0x3c d:/es course/eclipes/tools/eclipse/winavr-20100110/bin/../lib/gcc/avr/4.3.3/avr5\libgcc.a(_ge_sf.o)
 .debug_loc     0x000004da       0x3c d:/es course/eclipes/tools/eclipse/winavr-20100110/bin/../lib/gcc/avr/4.3.3/avr5\libgcc.a(_lt_sf.o)
 .debug_loc     0x00000516       0x7e d:/es course/eclipes/tools/eclipse/winavr-20100110/bin/../lib/gcc/avr/4.3.3/avr5\libgcc.a(_sf_to_si.o)
 .debug_loc     0x00000594       0x4c d:/es course/eclipes/tools/eclipse/winavr-20100110/bin/../lib/gcc/avr/4.3.3/avr5\libgcc.a(_usi_to_sf.o)
 .debug_loc     0x000005e0       0x94 d:/es course/eclipes/tools/eclipse/winavr-20100110/bin/../lib/gcc/avr/4.3.3/avr5\libgcc.a(_clzsi2.o)
 .debug_loc     0x00000674      0x13e d:/es course/eclipes/tools/eclipse/winavr-20100110/bin/../lib/gcc/avr/4.3.3/avr5\libgcc.a(_pack_sf.o)
 .debug_loc     0x000007b2       0xac d:/es course/eclipes/tools/eclipse/winavr-20100110/bin/../lib/gcc/avr/4.3.3/avr5\libgcc.a(_unpack_sf.o)
 .debug_loc     0x0000085e       0x50 d:/es course/eclipes/tools/eclipse/winavr-20100110/bin/../lib/gcc/avr/4.3.3/avr5\libgcc.a(_fpcmp_parts_sf.o)

.debug_macinfo
 *(.debug_macinfo)
OUTPUT(USART_Atmega32_Teest.elf elf32-avr)
LOAD linker stubs

.debug_ranges   0x00000000       0x50
 .debug_ranges  0x00000000       0x50 d:/es course/eclipes/tools/eclipse/winavr-20100110/bin/../lib/gcc/avr/4.3.3/avr5\libgcc.a(_mul_sf.o)
