Archive member included because of file (symbol)

d:/es course/eclipes/tools/eclipse/winavr-20100110/bin/../lib/gcc/avr/4.3.3/avr5\libgcc.a(_exit.o)
                              d:/es course/eclipes/tools/eclipse/winavr-20100110/bin/../lib/gcc/avr/4.3.3/../../../../avr/lib/avr5/crtm16.o (exit)
d:/es course/eclipes/tools/eclipse/winavr-20100110/bin/../lib/gcc/avr/4.3.3/avr5\libgcc.a(_copy_data.o)
                              ./main.o (__do_copy_data)
d:/es course/eclipes/tools/eclipse/winavr-20100110/bin/../lib/gcc/avr/4.3.3/avr5\libgcc.a(_clear_bss.o)
                              ./ATMEGA32_TIMER0_Programme.o (__do_clear_bss)

Allocating common symbols
Common symbol       size              file

CALLBACK_CM         0x2               ./ATMEGA32_TIMER0_Programme.o
CALLBACK_OVF        0x2               ./ATMEGA32_TIMER0_Programme.o

Memory Configuration

Name             Origin             Length             Attributes
text             0x00000000         0x00020000         xr
data             0x00800060         0x0000ffa0         rw !x
eeprom           0x00810000         0x00010000         rw !x
fuse             0x00820000         0x00000400         rw !x
lock             0x00830000         0x00000400         rw !x
signature        0x00840000         0x00000400         rw !x
*default*        0x00000000         0xffffffff

Linker script and memory map

LOAD d:/es course/eclipes/tools/eclipse/winavr-20100110/bin/../lib/gcc/avr/4.3.3/../../../../avr/lib/avr5/crtm16.o
LOAD ./ATMEGA32_TIMER0_Programme.o
LOAD ./main.o
LOAD d:/es course/eclipes/tools/eclipse/winavr-20100110/bin/../lib/gcc/avr/4.3.3/avr5\libgcc.a
LOAD d:/es course/eclipes/tools/eclipse/winavr-20100110/bin/../lib/gcc/avr/4.3.3/../../../../avr/lib/avr5\libc.a
LOAD d:/es course/eclipes/tools/eclipse/winavr-20100110/bin/../lib/gcc/avr/4.3.3/avr5\libgcc.a

.hash
 *(.hash)

.dynsym
 *(.dynsym)

.dynstr
 *(.dynstr)

.gnu.version
 *(.gnu.version)

.gnu.version_d
 *(.gnu.version_d)

.gnu.version_r
 *(.gnu.version_r)

.rel.init
 *(.rel.init)

.rela.init
 *(.rela.init)

.rel.text
 *(.rel.text)
 *(.rel.text.*)
 *(.rel.gnu.linkonce.t*)

.rela.text
 *(.rela.text)
 *(.rela.text.*)
 *(.rela.gnu.linkonce.t*)

.rel.fini
 *(.rel.fini)

.rela.fini
 *(.rela.fini)

.rel.rodata
 *(.rel.rodata)
 *(.rel.rodata.*)
 *(.rel.gnu.linkonce.r*)

.rela.rodata
 *(.rela.rodata)
 *(.rela.rodata.*)
 *(.rela.gnu.linkonce.r*)

.rel.data
 *(.rel.data)
 *(.rel.data.*)
 *(.rel.gnu.linkonce.d*)

.rela.data
 *(.rela.data)
 *(.rela.data.*)
 *(.rela.gnu.linkonce.d*)

.rel.ctors
 *(.rel.ctors)

.rela.ctors
 *(.rela.ctors)

.rel.dtors
 *(.rel.dtors)

.rela.dtors
 *(.rela.dtors)

.rel.got
 *(.rel.got)

.rela.got
 *(.rela.got)

.rel.bss
 *(.rel.bss)

.rela.bss
 *(.rela.bss)

.rel.plt
 *(.rel.plt)

.rela.plt
 *(.rela.plt)

.text           0x00000000      0x368
 *(.vectors)
 .vectors       0x00000000       0x54 d:/es course/eclipes/tools/eclipse/winavr-20100110/bin/../lib/gcc/avr/4.3.3/../../../../avr/lib/avr5/crtm16.o
                0x00000000                __vectors
                0x00000000                __vector_default
 *(.vectors)
 *(.progmem.gcc*)
 *(.progmem*)
                0x00000054                . = ALIGN (0x2)
                0x00000054                __trampolines_start = .
 *(.trampolines)
 .trampolines   0x00000054        0x0 linker stubs
 *(.trampolines*)
                0x00000054                __trampolines_end = .
 *(.jumptables)
 *(.jumptables*)
 *(.lowtext)
 *(.lowtext*)
                0x00000054                __ctors_start = .
 *(.ctors)
                0x00000054                __ctors_end = .
                0x00000054                __dtors_start = .
 *(.dtors)
                0x00000054                __dtors_end = .
 SORT(*)(.ctors)
 SORT(*)(.dtors)
 *(.init0)
 .init0         0x00000054        0x0 d:/es course/eclipes/tools/eclipse/winavr-20100110/bin/../lib/gcc/avr/4.3.3/../../../../avr/lib/avr5/crtm16.o
                0x00000054                __init
 *(.init0)
 *(.init1)
 *(.init1)
 *(.init2)
 .init2         0x00000054        0xc d:/es course/eclipes/tools/eclipse/winavr-20100110/bin/../lib/gcc/avr/4.3.3/../../../../avr/lib/avr5/crtm16.o
 *(.init2)
 *(.init3)
 *(.init3)
 *(.init4)
 .init4         0x00000060       0x16 d:/es course/eclipes/tools/eclipse/winavr-20100110/bin/../lib/gcc/avr/4.3.3/avr5\libgcc.a(_copy_data.o)
                0x00000060                __do_copy_data
 .init4         0x00000076       0x10 d:/es course/eclipes/tools/eclipse/winavr-20100110/bin/../lib/gcc/avr/4.3.3/avr5\libgcc.a(_clear_bss.o)
                0x00000076                __do_clear_bss
 *(.init4)
 *(.init5)
 *(.init5)
 *(.init6)
 *(.init6)
 *(.init7)
 *(.init7)
 *(.init8)
 *(.init8)
 *(.init9)
 .init9         0x00000086        0x8 d:/es course/eclipes/tools/eclipse/winavr-20100110/bin/../lib/gcc/avr/4.3.3/../../../../avr/lib/avr5/crtm16.o
 *(.init9)
 *(.text)
 .text          0x0000008e        0x4 d:/es course/eclipes/tools/eclipse/winavr-20100110/bin/../lib/gcc/avr/4.3.3/../../../../avr/lib/avr5/crtm16.o
                0x0000008e                __vector_1
                0x0000008e                __vector_12
                0x0000008e                __bad_interrupt
                0x0000008e                __vector_6
                0x0000008e                __vector_3
                0x0000008e                __vector_13
                0x0000008e                __vector_17
                0x0000008e                __vector_19
                0x0000008e                __vector_7
                0x0000008e                __vector_5
                0x0000008e                __vector_4
                0x0000008e                __vector_9
                0x0000008e                __vector_2
                0x0000008e                __vector_15
                0x0000008e                __vector_8
                0x0000008e                __vector_14
                0x0000008e                __vector_16
                0x0000008e                __vector_18
                0x0000008e                __vector_20
 .text          0x00000092        0x0 ./ATMEGA32_TIMER0_Programme.o
 .text          0x00000092        0x0 ./main.o
 .text          0x00000092        0x0 d:/es course/eclipes/tools/eclipse/winavr-20100110/bin/../lib/gcc/avr/4.3.3/avr5\libgcc.a(_exit.o)
 .text          0x00000092        0x0 d:/es course/eclipes/tools/eclipse/winavr-20100110/bin/../lib/gcc/avr/4.3.3/avr5\libgcc.a(_copy_data.o)
 .text          0x00000092        0x0 d:/es course/eclipes/tools/eclipse/winavr-20100110/bin/../lib/gcc/avr/4.3.3/avr5\libgcc.a(_clear_bss.o)
                0x00000092                . = ALIGN (0x2)
 *(.text.*)
 .text.TIMER0_Init
                0x00000092       0x84 ./ATMEGA32_TIMER0_Programme.o
                0x00000092                TIMER0_Init
 .text.TIMER0_Stop
                0x00000116       0x34 ./ATMEGA32_TIMER0_Programme.o
                0x00000116                TIMER0_Stop
 .text.TIMER0_GetCompareValue
                0x0000014a       0x24 ./ATMEGA32_TIMER0_Programme.o
                0x0000014a                TIMER0_GetCompareValue
 .text.TIMER0_SetCompareValue
                0x0000016e       0x1c ./ATMEGA32_TIMER0_Programme.o
                0x0000016e                TIMER0_SetCompareValue
 .text.TIMER0_GetCounterValue
                0x0000018a       0x24 ./ATMEGA32_TIMER0_Programme.o
                0x0000018a                TIMER0_GetCounterValue
 .text.TIMER0_SetCounterValue
                0x000001ae       0x1c ./ATMEGA32_TIMER0_Programme.o
                0x000001ae                TIMER0_SetCounterValue
 .text.TIMER0_CALLBACK_Overflow_INTERRUPT
                0x000001ca       0x24 ./ATMEGA32_TIMER0_Programme.o
                0x000001ca                TIMER0_CALLBACK_Overflow_INTERRUPT
 .text.TIMER0_CALLBACK_CompareMatch_INTERRUPT
                0x000001ee       0x24 ./ATMEGA32_TIMER0_Programme.o
                0x000001ee                TIMER0_CALLBACK_CompareMatch_INTERRUPT
 .text.__vector_11
                0x00000212       0x5a ./ATMEGA32_TIMER0_Programme.o
                0x00000212                __vector_11
 .text.__vector_10
                0x0000026c       0x5a ./ATMEGA32_TIMER0_Programme.o
                0x0000026c                __vector_10
 .text.TOIE_Callback
                0x000002c6       0x1c ./main.o
                0x000002c6                TOIE_Callback
 .text.main     0x000002e2       0x82 ./main.o
                0x000002e2                main
 .text.libgcc   0x00000364        0x0 d:/es course/eclipes/tools/eclipse/winavr-20100110/bin/../lib/gcc/avr/4.3.3/avr5\libgcc.a(_exit.o)
 .text.libgcc   0x00000364        0x0 d:/es course/eclipes/tools/eclipse/winavr-20100110/bin/../lib/gcc/avr/4.3.3/avr5\libgcc.a(_copy_data.o)
 .text.libgcc   0x00000364        0x0 d:/es course/eclipes/tools/eclipse/winavr-20100110/bin/../lib/gcc/avr/4.3.3/avr5\libgcc.a(_clear_bss.o)
                0x00000364                . = ALIGN (0x2)
 *(.fini9)
 .fini9         0x00000364        0x0 d:/es course/eclipes/tools/eclipse/winavr-20100110/bin/../lib/gcc/avr/4.3.3/avr5\libgcc.a(_exit.o)
                0x00000364                exit
                0x00000364                _exit
 *(.fini9)
 *(.fini8)
 *(.fini8)
 *(.fini7)
 *(.fini7)
 *(.fini6)
 *(.fini6)
 *(.fini5)
 *(.fini5)
 *(.fini4)
 *(.fini4)
 *(.fini3)
 *(.fini3)
 *(.fini2)
 *(.fini2)
 *(.fini1)
 *(.fini1)
 *(.fini0)
 .fini0         0x00000364        0x4 d:/es course/eclipes/tools/eclipse/winavr-20100110/bin/../lib/gcc/avr/4.3.3/avr5\libgcc.a(_exit.o)
 *(.fini0)
                0x00000368                _etext = .

.data           0x00800060        0x6 load address 0x00000368
                0x00800060                PROVIDE (__data_start, .)
 *(.data)
 .data          0x00800060        0x0 d:/es course/eclipes/tools/eclipse/winavr-20100110/bin/../lib/gcc/avr/4.3.3/../../../../avr/lib/avr5/crtm16.o
 .data          0x00800060        0x0 ./ATMEGA32_TIMER0_Programme.o
 .data          0x00800060        0x0 ./main.o
 .data          0x00800060        0x0 d:/es course/eclipes/tools/eclipse/winavr-20100110/bin/../lib/gcc/avr/4.3.3/avr5\libgcc.a(_exit.o)
 .data          0x00800060        0x0 d:/es course/eclipes/tools/eclipse/winavr-20100110/bin/../lib/gcc/avr/4.3.3/avr5\libgcc.a(_copy_data.o)
 .data          0x00800060        0x0 d:/es course/eclipes/tools/eclipse/winavr-20100110/bin/../lib/gcc/avr/4.3.3/avr5\libgcc.a(_clear_bss.o)
 *(.data*)
 *(.rodata)
 *(.rodata*)
 .rodata.C.1.1281
                0x00800060        0x5 ./main.o
 *(.gnu.linkonce.d*)
                0x00800066                . = ALIGN (0x2)
 *fill*         0x00800065        0x1 00
                0x00800066                _edata = .
                0x00800066                PROVIDE (__data_end, .)

.bss            0x00800066        0x4
                0x00800066                PROVIDE (__bss_start, .)
 *(.bss)
 .bss           0x00800066        0x0 d:/es course/eclipes/tools/eclipse/winavr-20100110/bin/../lib/gcc/avr/4.3.3/../../../../avr/lib/avr5/crtm16.o
 .bss           0x00800066        0x0 ./ATMEGA32_TIMER0_Programme.o
 .bss           0x00800066        0x0 ./main.o
 .bss           0x00800066        0x0 d:/es course/eclipes/tools/eclipse/winavr-20100110/bin/../lib/gcc/avr/4.3.3/avr5\libgcc.a(_exit.o)
 .bss           0x00800066        0x0 d:/es course/eclipes/tools/eclipse/winavr-20100110/bin/../lib/gcc/avr/4.3.3/avr5\libgcc.a(_copy_data.o)
 .bss           0x00800066        0x0 d:/es course/eclipes/tools/eclipse/winavr-20100110/bin/../lib/gcc/avr/4.3.3/avr5\libgcc.a(_clear_bss.o)
 *(.bss*)
 *(COMMON)
 COMMON         0x00800066        0x4 ./ATMEGA32_TIMER0_Programme.o
                0x00800066                CALLBACK_CM
                0x00800068                CALLBACK_OVF
                0x0080006a                PROVIDE (__bss_end, .)
                0x00000368                __data_load_start = LOADADDR (.data)
                0x0000036e                __data_load_end = (__data_load_start + SIZEOF (.data))

.noinit         0x0080006a        0x0
                0x0080006a                PROVIDE (__noinit_start, .)
 *(.noinit*)
                0x0080006a                PROVIDE (__noinit_end, .)
                0x0080006a                _end = .
                0x0080006a                PROVIDE (__heap_start, .)

.eeprom         0x00810000        0x0
 *(.eeprom*)
                0x00810000                __eeprom_end = .

.fuse
 *(.fuse)
 *(.lfuse)
 *(.hfuse)
 *(.efuse)

.lock
 *(.lock*)

.signature
 *(.signature*)

.stab           0x00000000      0x768
 *(.stab)
 .stab          0x00000000      0x5b8 ./ATMEGA32_TIMER0_Programme.o
 .stab          0x000005b8      0x1b0 ./main.o
                                0x3c0 (size before relaxing)

.stabstr        0x00000000      0xa3a
 *(.stabstr)
 .stabstr       0x00000000      0xa3a ./ATMEGA32_TIMER0_Programme.o

.stab.excl
 *(.stab.excl)

.stab.exclstr
 *(.stab.exclstr)

.stab.index
 *(.stab.index)

.stab.indexstr
 *(.stab.indexstr)

.comment
 *(.comment)

.debug
 *(.debug)

.line
 *(.line)

.debug_srcinfo
 *(.debug_srcinfo)

.debug_sfnames
 *(.debug_sfnames)

.debug_aranges
 *(.debug_aranges)

.debug_pubnames
 *(.debug_pubnames)

.debug_info
 *(.debug_info)
 *(.gnu.linkonce.wi.*)

.debug_abbrev
 *(.debug_abbrev)

.debug_line
 *(.debug_line)

.debug_frame
 *(.debug_frame)

.debug_str
 *(.debug_str)

.debug_loc
 *(.debug_loc)

.debug_macinfo
 *(.debug_macinfo)
OUTPUT(Atmega32_TIMER0_Driver.elf elf32-avr)
LOAD linker stubs
