
Memory Configuration

Name             Origin             Length             Attributes
flash            0x0000000008000000 0x0000000000020000 xr
sram             0x0000000020000000 0x0000000000005000 xrw
*default*        0x0000000000000000 0xffffffffffffffff

Linker script and memory map


.text           0x0000000008000000      0x12b
 *(.vectors*)
 .vectors       0x0000000008000000       0x1c startup.o
                0x0000000008000000                Vectors
 *(.text*)
 .text          0x000000000800001c       0x7c main.o
                0x000000000800001c                main
 .text          0x0000000008000098       0x90 startup.o
                0x0000000008000098                H_Fault_Handler
                0x0000000008000098                MM_Fault_Handler
                0x0000000008000098                Bus_Fault
                0x0000000008000098                Default_Handler
                0x0000000008000098                Usage_Fault_Handler
                0x0000000008000098                NMI_Handler
                0x00000000080000a4                Rest_Handler
 *(.rodata)
 .rodata        0x0000000008000128        0x3 main.o
                0x0000000008000128                const_variables
                0x000000000800012b                _E_text = .

.glue_7         0x000000000800012c        0x0
 .glue_7        0x000000000800012c        0x0 linker stubs

.glue_7t        0x000000000800012c        0x0
 .glue_7t       0x000000000800012c        0x0 linker stubs

.vfp11_veneer   0x000000000800012c        0x0
 .vfp11_veneer  0x000000000800012c        0x0 linker stubs

.v4_bx          0x000000000800012c        0x0
 .v4_bx         0x000000000800012c        0x0 linker stubs

.iplt           0x000000000800012c        0x0
 .iplt          0x000000000800012c        0x0 main.o

.rel.dyn        0x000000000800012c        0x0
 .rel.iplt      0x000000000800012c        0x0 main.o

.data           0x0000000020000000        0x7 load address 0x000000000800012b
                0x0000000020000000                _S_Data = .
 *(.data)
 .data          0x0000000020000000        0x7 main.o
                0x0000000020000000                R_ODR
                0x0000000020000004                G_variables
 .data          0x0000000020000007        0x0 startup.o
                0x0000000020000007                _E_Data = .

.igot.plt       0x0000000020000008        0x0 load address 0x0000000008000132
 .igot.plt      0x0000000020000008        0x0 main.o

.bss            0x0000000020000007     0x1001 load address 0x0000000008000132
                0x0000000020000007                _S_bss = .
 *(.bss*)
 .bss           0x0000000020000007        0x0 main.o
 .bss           0x0000000020000007        0x0 startup.o
                0x0000000020000008                . = ALIGN (0x4)
 *fill*         0x0000000020000007        0x1 
                0x0000000020000008                _E_bss = .
                0x0000000020000008                . = ALIGN (0x4)
                0x0000000020001008                . = (. + 0x1000)
 *fill*         0x0000000020000008     0x1000 
                0x0000000020001008                _stack_top = .
LOAD main.o
LOAD startup.o
OUTPUT(led_Toggle_cortex_M3.elf elf32-littlearm)

.debug_info     0x0000000000000000      0x2d7
 .debug_info    0x0000000000000000      0x172 main.o
 .debug_info    0x0000000000000172      0x165 startup.o

.debug_abbrev   0x0000000000000000      0x1a5
 .debug_abbrev  0x0000000000000000       0xe3 main.o
 .debug_abbrev  0x00000000000000e3       0xc2 startup.o

.debug_loc      0x0000000000000000       0xb4
 .debug_loc     0x0000000000000000       0x38 main.o
 .debug_loc     0x0000000000000038       0x7c startup.o

.debug_aranges  0x0000000000000000       0x40
 .debug_aranges
                0x0000000000000000       0x20 main.o
 .debug_aranges
                0x0000000000000020       0x20 startup.o

.debug_line     0x0000000000000000       0xe7
 .debug_line    0x0000000000000000       0x6a main.o
 .debug_line    0x000000000000006a       0x7d startup.o

.debug_str      0x0000000000000000      0x209
 .debug_str     0x0000000000000000      0x18a main.o
                                        0x1a8 (size before relaxing)
 .debug_str     0x000000000000018a       0x7f startup.o
                                        0x1ce (size before relaxing)

.comment        0x0000000000000000       0x7b
 .comment       0x0000000000000000       0x7b main.o
                                         0x7c (size before relaxing)
 .comment       0x000000000000007b       0x7c startup.o

.ARM.attributes
                0x0000000000000000       0x33
 .ARM.attributes
                0x0000000000000000       0x33 main.o
 .ARM.attributes
                0x0000000000000033       0x33 startup.o

.debug_frame    0x0000000000000000       0x7c
 .debug_frame   0x0000000000000000       0x2c main.o
 .debug_frame   0x000000000000002c       0x50 startup.o
