Archive member included because of file (symbol)

d:/es course/eclipes/tools/eclipse/winavr-20100110/bin/../lib/gcc/avr/4.3.3/avr5\libgcc.a(_udivmodsi4.o)
                              ./I2C_programme.o (__udivmodsi4)
d:/es course/eclipes/tools/eclipse/winavr-20100110/bin/../lib/gcc/avr/4.3.3/avr5\libgcc.a(_exit.o)
                              d:/es course/eclipes/tools/eclipse/winavr-20100110/bin/../lib/gcc/avr/4.3.3/../../../../avr/lib/avr5/crtm16.o (exit)
d:/es course/eclipes/tools/eclipse/winavr-20100110/bin/../lib/gcc/avr/4.3.3/avr5\libgcc.a(_copy_data.o)
                              ./main.o (__do_copy_data)
d:/es course/eclipes/tools/eclipse/winavr-20100110/bin/../lib/gcc/avr/4.3.3/avr5\libgcc.a(_clear_bss.o)
                              ./I2C_programme.o (__do_clear_bss)

Allocating common symbols
Common symbol       size              file

P_IRQ_CallBack      0x2               ./I2C_programme.o

Memory Configuration

Name             Origin             Length             Attributes
text             0x00000000         0x00020000         xr
data             0x00800060         0x0000ffa0         rw !x
eeprom           0x00810000         0x00010000         rw !x
fuse             0x00820000         0x00000400         rw !x
lock             0x00830000         0x00000400         rw !x
signature        0x00840000         0x00000400         rw !x
*default*        0x00000000         0xffffffff

Linker script and memory map

LOAD d:/es course/eclipes/tools/eclipse/winavr-20100110/bin/../lib/gcc/avr/4.3.3/../../../../avr/lib/avr5/crtm16.o
LOAD ./DIO.o
LOAD ./I2C_programme.o
LOAD ./main.o
LOAD d:/es course/eclipes/tools/eclipse/winavr-20100110/bin/../lib/gcc/avr/4.3.3/avr5\libgcc.a
LOAD d:/es course/eclipes/tools/eclipse/winavr-20100110/bin/../lib/gcc/avr/4.3.3/../../../../avr/lib/avr5\libc.a
LOAD d:/es course/eclipes/tools/eclipse/winavr-20100110/bin/../lib/gcc/avr/4.3.3/avr5\libgcc.a

.hash
 *(.hash)

.dynsym
 *(.dynsym)

.dynstr
 *(.dynstr)

.gnu.version
 *(.gnu.version)

.gnu.version_d
 *(.gnu.version_d)

.gnu.version_r
 *(.gnu.version_r)

.rel.init
 *(.rel.init)

.rela.init
 *(.rela.init)

.rel.text
 *(.rel.text)
 *(.rel.text.*)
 *(.rel.gnu.linkonce.t*)

.rela.text
 *(.rela.text)
 *(.rela.text.*)
 *(.rela.gnu.linkonce.t*)

.rel.fini
 *(.rel.fini)

.rela.fini
 *(.rela.fini)

.rel.rodata
 *(.rel.rodata)
 *(.rel.rodata.*)
 *(.rel.gnu.linkonce.r*)

.rela.rodata
 *(.rela.rodata)
 *(.rela.rodata.*)
 *(.rela.gnu.linkonce.r*)

.rel.data
 *(.rel.data)
 *(.rel.data.*)
 *(.rel.gnu.linkonce.d*)

.rela.data
 *(.rela.data)
 *(.rela.data.*)
 *(.rela.gnu.linkonce.d*)

.rel.ctors
 *(.rel.ctors)

.rela.ctors
 *(.rela.ctors)

.rel.dtors
 *(.rel.dtors)

.rela.dtors
 *(.rela.dtors)

.rel.got
 *(.rel.got)

.rela.got
 *(.rela.got)

.rel.bss
 *(.rel.bss)

.rela.bss
 *(.rela.bss)

.rel.plt
 *(.rel.plt)

.rela.plt
 *(.rela.plt)

.text           0x00000000      0xf26
 *(.vectors)
 .vectors       0x00000000       0x54 d:/es course/eclipes/tools/eclipse/winavr-20100110/bin/../lib/gcc/avr/4.3.3/../../../../avr/lib/avr5/crtm16.o
                0x00000000                __vectors
                0x00000000                __vector_default
 *(.vectors)
 *(.progmem.gcc*)
 *(.progmem*)
                0x00000054                . = ALIGN (0x2)
                0x00000054                __trampolines_start = .
 *(.trampolines)
 .trampolines   0x00000054        0x0 linker stubs
 *(.trampolines*)
                0x00000054                __trampolines_end = .
 *(.jumptables)
 *(.jumptables*)
 *(.lowtext)
 *(.lowtext*)
                0x00000054                __ctors_start = .
 *(.ctors)
                0x00000054                __ctors_end = .
                0x00000054                __dtors_start = .
 *(.dtors)
                0x00000054                __dtors_end = .
 SORT(*)(.ctors)
 SORT(*)(.dtors)
 *(.init0)
 .init0         0x00000054        0x0 d:/es course/eclipes/tools/eclipse/winavr-20100110/bin/../lib/gcc/avr/4.3.3/../../../../avr/lib/avr5/crtm16.o
                0x00000054                __init
 *(.init0)
 *(.init1)
 *(.init1)
 *(.init2)
 .init2         0x00000054        0xc d:/es course/eclipes/tools/eclipse/winavr-20100110/bin/../lib/gcc/avr/4.3.3/../../../../avr/lib/avr5/crtm16.o
 *(.init2)
 *(.init3)
 *(.init3)
 *(.init4)
 .init4         0x00000060       0x16 d:/es course/eclipes/tools/eclipse/winavr-20100110/bin/../lib/gcc/avr/4.3.3/avr5\libgcc.a(_copy_data.o)
                0x00000060                __do_copy_data
 .init4         0x00000076       0x10 d:/es course/eclipes/tools/eclipse/winavr-20100110/bin/../lib/gcc/avr/4.3.3/avr5\libgcc.a(_clear_bss.o)
                0x00000076                __do_clear_bss
 *(.init4)
 *(.init5)
 *(.init5)
 *(.init6)
 *(.init6)
 *(.init7)
 *(.init7)
 *(.init8)
 *(.init8)
 *(.init9)
 .init9         0x00000086        0x8 d:/es course/eclipes/tools/eclipse/winavr-20100110/bin/../lib/gcc/avr/4.3.3/../../../../avr/lib/avr5/crtm16.o
 *(.init9)
 *(.text)
 .text          0x0000008e        0x4 d:/es course/eclipes/tools/eclipse/winavr-20100110/bin/../lib/gcc/avr/4.3.3/../../../../avr/lib/avr5/crtm16.o
                0x0000008e                __vector_1
                0x0000008e                __vector_12
                0x0000008e                __bad_interrupt
                0x0000008e                __vector_6
                0x0000008e                __vector_3
                0x0000008e                __vector_11
                0x0000008e                __vector_13
                0x0000008e                __vector_17
                0x0000008e                __vector_7
                0x0000008e                __vector_5
                0x0000008e                __vector_4
                0x0000008e                __vector_9
                0x0000008e                __vector_2
                0x0000008e                __vector_15
                0x0000008e                __vector_8
                0x0000008e                __vector_14
                0x0000008e                __vector_10
                0x0000008e                __vector_16
                0x0000008e                __vector_18
                0x0000008e                __vector_20
 .text          0x00000092        0x0 ./DIO.o
 .text          0x00000092        0x0 ./I2C_programme.o
 .text          0x00000092        0x0 ./main.o
 .text          0x00000092        0x0 d:/es course/eclipes/tools/eclipse/winavr-20100110/bin/../lib/gcc/avr/4.3.3/avr5\libgcc.a(_udivmodsi4.o)
 .text          0x00000092        0x0 d:/es course/eclipes/tools/eclipse/winavr-20100110/bin/../lib/gcc/avr/4.3.3/avr5\libgcc.a(_exit.o)
 .text          0x00000092        0x0 d:/es course/eclipes/tools/eclipse/winavr-20100110/bin/../lib/gcc/avr/4.3.3/avr5\libgcc.a(_copy_data.o)
 .text          0x00000092        0x0 d:/es course/eclipes/tools/eclipse/winavr-20100110/bin/../lib/gcc/avr/4.3.3/avr5\libgcc.a(_clear_bss.o)
                0x00000092                . = ALIGN (0x2)
 *(.text.*)
 .text.DIO_SetPinDirection
                0x00000092      0x1e4 ./DIO.o
                0x00000092                DIO_SetPinDirection
 .text.DIO_SetPinValue
                0x00000276      0x1e4 ./DIO.o
                0x00000276                DIO_SetPinValue
 .text.DIO_GetPinValue
                0x0000045a      0x15a ./DIO.o
                0x0000045a                DIO_GetPinValue
 .text.DIO_TogglePinValue
                0x000005b4      0x10a ./DIO.o
                0x000005b4                DIO_TogglePinValue
 .text.DIO_SetInputPinResistance
                0x000006be      0x10a ./DIO.o
                0x000006be                DIO_SetInputPinResistance
 .text.DIO_SetPortDirection
                0x000007c8       0xd0 ./DIO.o
                0x000007c8                DIO_SetPortDirection
 .text.DIO_SetPortValue
                0x00000898       0x88 ./DIO.o
                0x00000898                DIO_SetPortValue
 .text.DIO_GetPortValue
                0x00000920       0x9e ./DIO.o
                0x00000920                DIO_GetPortValue
 .text.DIO_TogglePortValue
                0x000009be       0x9e ./DIO.o
                0x000009be                DIO_TogglePortValue
 .text.DIO_SetInputPortResistance
                0x00000a5c       0x84 ./DIO.o
                0x00000a5c                DIO_SetInputPortResistance
 .text.I2C_init
                0x00000ae0       0xd4 ./I2C_programme.o
                0x00000ae0                I2C_init
 .text.I2C_Master_TX
                0x00000bb4       0xd8 ./I2C_programme.o
                0x00000bb4                I2C_Master_TX
 .text.I2C_Master_RX
                0x00000c8c       0xf6 ./I2C_programme.o
                0x00000c8c                I2C_Master_RX
 .text.I2C_Slave_TX
                0x00000d82       0x24 ./I2C_programme.o
                0x00000d82                I2C_Slave_TX
 .text.I2C_Slave_RX
                0x00000da6       0x24 ./I2C_programme.o
                0x00000da6                I2C_Slave_RX
 .text.__vector_19
                0x00000dca       0x86 ./I2C_programme.o
                0x00000dca                __vector_19
 .text.I2C_IRQ_CallBack
                0x00000e50       0x14 ./main.o
                0x00000e50                I2C_IRQ_CallBack
 .text.main     0x00000e64       0x7a ./main.o
                0x00000e64                main
 .text.libgcc   0x00000ede       0x44 d:/es course/eclipes/tools/eclipse/winavr-20100110/bin/../lib/gcc/avr/4.3.3/avr5\libgcc.a(_udivmodsi4.o)
                0x00000ede                __udivmodsi4
 .text.libgcc   0x00000f22        0x0 d:/es course/eclipes/tools/eclipse/winavr-20100110/bin/../lib/gcc/avr/4.3.3/avr5\libgcc.a(_exit.o)
 .text.libgcc   0x00000f22        0x0 d:/es course/eclipes/tools/eclipse/winavr-20100110/bin/../lib/gcc/avr/4.3.3/avr5\libgcc.a(_copy_data.o)
 .text.libgcc   0x00000f22        0x0 d:/es course/eclipes/tools/eclipse/winavr-20100110/bin/../lib/gcc/avr/4.3.3/avr5\libgcc.a(_clear_bss.o)
                0x00000f22                . = ALIGN (0x2)
 *(.fini9)
 .fini9         0x00000f22        0x0 d:/es course/eclipes/tools/eclipse/winavr-20100110/bin/../lib/gcc/avr/4.3.3/avr5\libgcc.a(_exit.o)
                0x00000f22                exit
                0x00000f22                _exit
 *(.fini9)
 *(.fini8)
 *(.fini8)
 *(.fini7)
 *(.fini7)
 *(.fini6)
 *(.fini6)
 *(.fini5)
 *(.fini5)
 *(.fini4)
 *(.fini4)
 *(.fini3)
 *(.fini3)
 *(.fini2)
 *(.fini2)
 *(.fini1)
 *(.fini1)
 *(.fini0)
 .fini0         0x00000f22        0x4 d:/es course/eclipes/tools/eclipse/winavr-20100110/bin/../lib/gcc/avr/4.3.3/avr5\libgcc.a(_exit.o)
 *(.fini0)
                0x00000f26                _etext = .

.data           0x00800060        0x6 load address 0x00000f26
                0x00800060                PROVIDE (__data_start, .)
 *(.data)
 .data          0x00800060        0x0 d:/es course/eclipes/tools/eclipse/winavr-20100110/bin/../lib/gcc/avr/4.3.3/../../../../avr/lib/avr5/crtm16.o
 .data          0x00800060        0x0 ./DIO.o
 .data          0x00800060        0x0 ./I2C_programme.o
 .data          0x00800060        0x0 ./main.o
 .data          0x00800060        0x0 d:/es course/eclipes/tools/eclipse/winavr-20100110/bin/../lib/gcc/avr/4.3.3/avr5\libgcc.a(_udivmodsi4.o)
 .data          0x00800060        0x0 d:/es course/eclipes/tools/eclipse/winavr-20100110/bin/../lib/gcc/avr/4.3.3/avr5\libgcc.a(_exit.o)
 .data          0x00800060        0x0 d:/es course/eclipes/tools/eclipse/winavr-20100110/bin/../lib/gcc/avr/4.3.3/avr5\libgcc.a(_copy_data.o)
 .data          0x00800060        0x0 d:/es course/eclipes/tools/eclipse/winavr-20100110/bin/../lib/gcc/avr/4.3.3/avr5\libgcc.a(_clear_bss.o)
 *(.data*)
 *(.rodata)
 *(.rodata*)
 .rodata.C.0.1283
                0x00800060        0x5 ./main.o
 *(.gnu.linkonce.d*)
                0x00800066                . = ALIGN (0x2)
 *fill*         0x00800065        0x1 00
                0x00800066                _edata = .
                0x00800066                PROVIDE (__data_end, .)

.bss            0x00800066        0x2
                0x00800066                PROVIDE (__bss_start, .)
 *(.bss)
 .bss           0x00800066        0x0 d:/es course/eclipes/tools/eclipse/winavr-20100110/bin/../lib/gcc/avr/4.3.3/../../../../avr/lib/avr5/crtm16.o
 .bss           0x00800066        0x0 ./DIO.o
 .bss           0x00800066        0x0 ./I2C_programme.o
 .bss           0x00800066        0x0 ./main.o
 .bss           0x00800066        0x0 d:/es course/eclipes/tools/eclipse/winavr-20100110/bin/../lib/gcc/avr/4.3.3/avr5\libgcc.a(_udivmodsi4.o)
 .bss           0x00800066        0x0 d:/es course/eclipes/tools/eclipse/winavr-20100110/bin/../lib/gcc/avr/4.3.3/avr5\libgcc.a(_exit.o)
 .bss           0x00800066        0x0 d:/es course/eclipes/tools/eclipse/winavr-20100110/bin/../lib/gcc/avr/4.3.3/avr5\libgcc.a(_copy_data.o)
 .bss           0x00800066        0x0 d:/es course/eclipes/tools/eclipse/winavr-20100110/bin/../lib/gcc/avr/4.3.3/avr5\libgcc.a(_clear_bss.o)
 *(.bss*)
 *(COMMON)
 COMMON         0x00800066        0x2 ./I2C_programme.o
                0x00800066                P_IRQ_CallBack
                0x00800068                PROVIDE (__bss_end, .)
                0x00000f26                __data_load_start = LOADADDR (.data)
                0x00000f2c                __data_load_end = (__data_load_start + SIZEOF (.data))

.noinit         0x00800068        0x0
                0x00800068                PROVIDE (__noinit_start, .)
 *(.noinit*)
                0x00800068                PROVIDE (__noinit_end, .)
                0x00800068                _end = .
                0x00800068                PROVIDE (__heap_start, .)

.eeprom         0x00810000        0x0
 *(.eeprom*)
                0x00810000                __eeprom_end = .

.fuse
 *(.fuse)
 *(.lfuse)
 *(.hfuse)
 *(.efuse)

.lock
 *(.lock*)

.signature
 *(.signature*)

.stab           0x00000000      0xffc
 *(.stab)
 .stab          0x00000000      0x990 ./DIO.o
 .stab          0x00000990      0x4c8 ./I2C_programme.o
                                0x630 (size before relaxing)
 .stab          0x00000e58      0x1a4 ./main.o
                                0x3cc (size before relaxing)

.stabstr        0x00000000      0xa22
 *(.stabstr)
 .stabstr       0x00000000      0xa22 ./DIO.o

.stab.excl
 *(.stab.excl)

.stab.exclstr
 *(.stab.exclstr)

.stab.index
 *(.stab.index)

.stab.indexstr
 *(.stab.indexstr)

.comment
 *(.comment)

.debug
 *(.debug)

.line
 *(.line)

.debug_srcinfo
 *(.debug_srcinfo)

.debug_sfnames
 *(.debug_sfnames)

.debug_aranges
 *(.debug_aranges)

.debug_pubnames
 *(.debug_pubnames)

.debug_info
 *(.debug_info)
 *(.gnu.linkonce.wi.*)

.debug_abbrev
 *(.debug_abbrev)

.debug_line
 *(.debug_line)

.debug_frame
 *(.debug_frame)

.debug_str
 *(.debug_str)

.debug_loc
 *(.debug_loc)

.debug_macinfo
 *(.debug_macinfo)
OUTPUT(I2c_Lab_Atmega_Master.elf elf32-avr)
LOAD linker stubs
