Archive member included to satisfy reference by file (symbol)

c:/st/stm32cubeide_1.4.0/stm32cubeide/plugins/com.st.stm32cube.ide.mcu.externaltools.gnu-tools-for-stm32.7-2018-q2-update.win32_1.4.0.202007081208/tools/bin/../lib/gcc/arm-none-eabi/7.3.1/../../../../arm-none-eabi/lib/thumb/v7-m\libc_nano.a(lib_a-errno.o)
                              Src/syscalls.o (__errno)
c:/st/stm32cubeide_1.4.0/stm32cubeide/plugins/com.st.stm32cube.ide.mcu.externaltools.gnu-tools-for-stm32.7-2018-q2-update.win32_1.4.0.202007081208/tools/bin/../lib/gcc/arm-none-eabi/7.3.1/../../../../arm-none-eabi/lib/thumb/v7-m\libc_nano.a(lib_a-exit.o)
                              c:/st/stm32cubeide_1.4.0/stm32cubeide/plugins/com.st.stm32cube.ide.mcu.externaltools.gnu-tools-for-stm32.7-2018-q2-update.win32_1.4.0.202007081208/tools/bin/../lib/gcc/arm-none-eabi/7.3.1/../../../../arm-none-eabi/lib/thumb/v7-m/crt0.o (exit)
c:/st/stm32cubeide_1.4.0/stm32cubeide/plugins/com.st.stm32cube.ide.mcu.externaltools.gnu-tools-for-stm32.7-2018-q2-update.win32_1.4.0.202007081208/tools/bin/../lib/gcc/arm-none-eabi/7.3.1/../../../../arm-none-eabi/lib/thumb/v7-m\libc_nano.a(lib_a-impure.o)
                              c:/st/stm32cubeide_1.4.0/stm32cubeide/plugins/com.st.stm32cube.ide.mcu.externaltools.gnu-tools-for-stm32.7-2018-q2-update.win32_1.4.0.202007081208/tools/bin/../lib/gcc/arm-none-eabi/7.3.1/../../../../arm-none-eabi/lib/thumb/v7-m\libc_nano.a(lib_a-exit.o) (_global_impure_ptr)
c:/st/stm32cubeide_1.4.0/stm32cubeide/plugins/com.st.stm32cube.ide.mcu.externaltools.gnu-tools-for-stm32.7-2018-q2-update.win32_1.4.0.202007081208/tools/bin/../lib/gcc/arm-none-eabi/7.3.1/../../../../arm-none-eabi/lib/thumb/v7-m\libc_nano.a(lib_a-init.o)
                              c:/st/stm32cubeide_1.4.0/stm32cubeide/plugins/com.st.stm32cube.ide.mcu.externaltools.gnu-tools-for-stm32.7-2018-q2-update.win32_1.4.0.202007081208/tools/bin/../lib/gcc/arm-none-eabi/7.3.1/../../../../arm-none-eabi/lib/thumb/v7-m/crt0.o (__libc_init_array)
c:/st/stm32cubeide_1.4.0/stm32cubeide/plugins/com.st.stm32cube.ide.mcu.externaltools.gnu-tools-for-stm32.7-2018-q2-update.win32_1.4.0.202007081208/tools/bin/../lib/gcc/arm-none-eabi/7.3.1/../../../../arm-none-eabi/lib/thumb/v7-m\libc_nano.a(lib_a-memset.o)
                              c:/st/stm32cubeide_1.4.0/stm32cubeide/plugins/com.st.stm32cube.ide.mcu.externaltools.gnu-tools-for-stm32.7-2018-q2-update.win32_1.4.0.202007081208/tools/bin/../lib/gcc/arm-none-eabi/7.3.1/../../../../arm-none-eabi/lib/thumb/v7-m/crt0.o (memset)

Allocating common symbols
Common symbol       size              file

G_UART_Config       0xc               STM32F103X6_DRIVERS/Stm32_F103C6_UART_driver.o
ch                  0x4               Src/main.o
GP_IRQ_CallBack     0x3c              STM32F103X6_DRIVERS/Stm32_F103C6_EXTI_driver.o

Discarded input sections

 .text          0x0000000000000000        0x0 c:/st/stm32cubeide_1.4.0/stm32cubeide/plugins/com.st.stm32cube.ide.mcu.externaltools.gnu-tools-for-stm32.7-2018-q2-update.win32_1.4.0.202007081208/tools/bin/../lib/gcc/arm-none-eabi/7.3.1/thumb/v7-m/crti.o
 .data          0x0000000000000000        0x0 c:/st/stm32cubeide_1.4.0/stm32cubeide/plugins/com.st.stm32cube.ide.mcu.externaltools.gnu-tools-for-stm32.7-2018-q2-update.win32_1.4.0.202007081208/tools/bin/../lib/gcc/arm-none-eabi/7.3.1/thumb/v7-m/crti.o
 .bss           0x0000000000000000        0x0 c:/st/stm32cubeide_1.4.0/stm32cubeide/plugins/com.st.stm32cube.ide.mcu.externaltools.gnu-tools-for-stm32.7-2018-q2-update.win32_1.4.0.202007081208/tools/bin/../lib/gcc/arm-none-eabi/7.3.1/thumb/v7-m/crti.o
 .data          0x0000000000000000        0x4 c:/st/stm32cubeide_1.4.0/stm32cubeide/plugins/com.st.stm32cube.ide.mcu.externaltools.gnu-tools-for-stm32.7-2018-q2-update.win32_1.4.0.202007081208/tools/bin/../lib/gcc/arm-none-eabi/7.3.1/thumb/v7-m/crtbegin.o
 .text          0x0000000000000000       0x74 c:/st/stm32cubeide_1.4.0/stm32cubeide/plugins/com.st.stm32cube.ide.mcu.externaltools.gnu-tools-for-stm32.7-2018-q2-update.win32_1.4.0.202007081208/tools/bin/../lib/gcc/arm-none-eabi/7.3.1/../../../../arm-none-eabi/lib/thumb/v7-m/crt0.o
 .data          0x0000000000000000        0x0 c:/st/stm32cubeide_1.4.0/stm32cubeide/plugins/com.st.stm32cube.ide.mcu.externaltools.gnu-tools-for-stm32.7-2018-q2-update.win32_1.4.0.202007081208/tools/bin/../lib/gcc/arm-none-eabi/7.3.1/../../../../arm-none-eabi/lib/thumb/v7-m/crt0.o
 .bss           0x0000000000000000        0x0 c:/st/stm32cubeide_1.4.0/stm32cubeide/plugins/com.st.stm32cube.ide.mcu.externaltools.gnu-tools-for-stm32.7-2018-q2-update.win32_1.4.0.202007081208/tools/bin/../lib/gcc/arm-none-eabi/7.3.1/../../../../arm-none-eabi/lib/thumb/v7-m/crt0.o
 .ARM.extab     0x0000000000000000        0x0 c:/st/stm32cubeide_1.4.0/stm32cubeide/plugins/com.st.stm32cube.ide.mcu.externaltools.gnu-tools-for-stm32.7-2018-q2-update.win32_1.4.0.202007081208/tools/bin/../lib/gcc/arm-none-eabi/7.3.1/../../../../arm-none-eabi/lib/thumb/v7-m/crt0.o
 .ARM.exidx     0x0000000000000000        0x8 c:/st/stm32cubeide_1.4.0/stm32cubeide/plugins/com.st.stm32cube.ide.mcu.externaltools.gnu-tools-for-stm32.7-2018-q2-update.win32_1.4.0.202007081208/tools/bin/../lib/gcc/arm-none-eabi/7.3.1/../../../../arm-none-eabi/lib/thumb/v7-m/crt0.o
 .ARM.attributes
                0x0000000000000000       0x1b c:/st/stm32cubeide_1.4.0/stm32cubeide/plugins/com.st.stm32cube.ide.mcu.externaltools.gnu-tools-for-stm32.7-2018-q2-update.win32_1.4.0.202007081208/tools/bin/../lib/gcc/arm-none-eabi/7.3.1/../../../../arm-none-eabi/lib/thumb/v7-m/crt0.o
 .group         0x0000000000000000        0xc STM32F103X6_DRIVERS/Stm32_F103C6_EXTI_driver.o
 .group         0x0000000000000000        0xc STM32F103X6_DRIVERS/Stm32_F103C6_EXTI_driver.o
 .group         0x0000000000000000        0xc STM32F103X6_DRIVERS/Stm32_F103C6_EXTI_driver.o
 .group         0x0000000000000000        0xc STM32F103X6_DRIVERS/Stm32_F103C6_EXTI_driver.o
 .group         0x0000000000000000        0xc STM32F103X6_DRIVERS/Stm32_F103C6_EXTI_driver.o
 .group         0x0000000000000000        0xc STM32F103X6_DRIVERS/Stm32_F103C6_EXTI_driver.o
 .group         0x0000000000000000        0xc STM32F103X6_DRIVERS/Stm32_F103C6_EXTI_driver.o
 .group         0x0000000000000000        0xc STM32F103X6_DRIVERS/Stm32_F103C6_EXTI_driver.o
 .group         0x0000000000000000        0xc STM32F103X6_DRIVERS/Stm32_F103C6_EXTI_driver.o
 .group         0x0000000000000000        0xc STM32F103X6_DRIVERS/Stm32_F103C6_EXTI_driver.o
 .text          0x0000000000000000        0x0 STM32F103X6_DRIVERS/Stm32_F103C6_EXTI_driver.o
 .data          0x0000000000000000        0x0 STM32F103X6_DRIVERS/Stm32_F103C6_EXTI_driver.o
 .bss           0x0000000000000000        0x0 STM32F103X6_DRIVERS/Stm32_F103C6_EXTI_driver.o
 .text.Enable_NVIC
                0x0000000000000000       0xcc STM32F103X6_DRIVERS/Stm32_F103C6_EXTI_driver.o
 .text.Disable_NVIC
                0x0000000000000000       0xcc STM32F103X6_DRIVERS/Stm32_F103C6_EXTI_driver.o
 .text.Update_EXTI
                0x0000000000000000      0x1dc STM32F103X6_DRIVERS/Stm32_F103C6_EXTI_driver.o
 .text.MCAL_EXTI_GPIO_DeInit
                0x0000000000000000       0x94 STM32F103X6_DRIVERS/Stm32_F103C6_EXTI_driver.o
 .text.MCAL_EXTI_GPIO_Init
                0x0000000000000000       0x16 STM32F103X6_DRIVERS/Stm32_F103C6_EXTI_driver.o
 .text.MCAL_EXTI_GPIO_Update
                0x0000000000000000       0x16 STM32F103X6_DRIVERS/Stm32_F103C6_EXTI_driver.o
 .group         0x0000000000000000        0xc STM32F103X6_DRIVERS/Stm32_F103C6_RCC_driver.o
 .group         0x0000000000000000        0xc STM32F103X6_DRIVERS/Stm32_F103C6_RCC_driver.o
 .group         0x0000000000000000        0xc STM32F103X6_DRIVERS/Stm32_F103C6_RCC_driver.o
 .group         0x0000000000000000        0xc STM32F103X6_DRIVERS/Stm32_F103C6_RCC_driver.o
 .group         0x0000000000000000        0xc STM32F103X6_DRIVERS/Stm32_F103C6_RCC_driver.o
 .group         0x0000000000000000        0xc STM32F103X6_DRIVERS/Stm32_F103C6_RCC_driver.o
 .group         0x0000000000000000        0xc STM32F103X6_DRIVERS/Stm32_F103C6_RCC_driver.o
 .group         0x0000000000000000        0xc STM32F103X6_DRIVERS/Stm32_F103C6_RCC_driver.o
 .group         0x0000000000000000        0xc STM32F103X6_DRIVERS/Stm32_F103C6_RCC_driver.o
 .text          0x0000000000000000        0x0 STM32F103X6_DRIVERS/Stm32_F103C6_RCC_driver.o
 .data          0x0000000000000000        0x0 STM32F103X6_DRIVERS/Stm32_F103C6_RCC_driver.o
 .bss           0x0000000000000000        0x0 STM32F103X6_DRIVERS/Stm32_F103C6_RCC_driver.o
 .rodata.AHBPrescTable
                0x0000000000000000       0x10 STM32F103X6_DRIVERS/Stm32_F103C6_RCC_driver.o
 .text.MCAL_RCC_GET_HCLK_Freq
                0x0000000000000000       0x28 STM32F103X6_DRIVERS/Stm32_F103C6_RCC_driver.o
 .debug_macro   0x0000000000000000      0xa60 STM32F103X6_DRIVERS/Stm32_F103C6_RCC_driver.o
 .debug_macro   0x0000000000000000       0x22 STM32F103X6_DRIVERS/Stm32_F103C6_RCC_driver.o
 .debug_macro   0x0000000000000000       0x8e STM32F103X6_DRIVERS/Stm32_F103C6_RCC_driver.o
 .debug_macro   0x0000000000000000       0x51 STM32F103X6_DRIVERS/Stm32_F103C6_RCC_driver.o
 .debug_macro   0x0000000000000000       0xef STM32F103X6_DRIVERS/Stm32_F103C6_RCC_driver.o
 .debug_macro   0x0000000000000000       0x6a STM32F103X6_DRIVERS/Stm32_F103C6_RCC_driver.o
 .debug_macro   0x0000000000000000      0x1df STM32F103X6_DRIVERS/Stm32_F103C6_RCC_driver.o
 .group         0x0000000000000000        0xc STM32F103X6_DRIVERS/Stm32_F103C6_UART_driver.o
 .group         0x0000000000000000        0xc STM32F103X6_DRIVERS/Stm32_F103C6_UART_driver.o
 .group         0x0000000000000000        0xc STM32F103X6_DRIVERS/Stm32_F103C6_UART_driver.o
 .group         0x0000000000000000        0xc STM32F103X6_DRIVERS/Stm32_F103C6_UART_driver.o
 .group         0x0000000000000000        0xc STM32F103X6_DRIVERS/Stm32_F103C6_UART_driver.o
 .group         0x0000000000000000        0xc STM32F103X6_DRIVERS/Stm32_F103C6_UART_driver.o
 .group         0x0000000000000000        0xc STM32F103X6_DRIVERS/Stm32_F103C6_UART_driver.o
 .group         0x0000000000000000        0xc STM32F103X6_DRIVERS/Stm32_F103C6_UART_driver.o
 .group         0x0000000000000000        0xc STM32F103X6_DRIVERS/Stm32_F103C6_UART_driver.o
 .group         0x0000000000000000        0xc STM32F103X6_DRIVERS/Stm32_F103C6_UART_driver.o
 .group         0x0000000000000000        0xc STM32F103X6_DRIVERS/Stm32_F103C6_UART_driver.o
 .text          0x0000000000000000        0x0 STM32F103X6_DRIVERS/Stm32_F103C6_UART_driver.o
 .data          0x0000000000000000        0x0 STM32F103X6_DRIVERS/Stm32_F103C6_UART_driver.o
 .bss           0x0000000000000000        0x0 STM32F103X6_DRIVERS/Stm32_F103C6_UART_driver.o
 .text.MCAL_UART_DeInit
                0x0000000000000000       0x8c STM32F103X6_DRIVERS/Stm32_F103C6_UART_driver.o
 .text.MCAL_UART_WAIT_TC
                0x0000000000000000       0x20 STM32F103X6_DRIVERS/Stm32_F103C6_UART_driver.o
 .debug_macro   0x0000000000000000      0xa60 STM32F103X6_DRIVERS/Stm32_F103C6_UART_driver.o
 .debug_macro   0x0000000000000000       0x22 STM32F103X6_DRIVERS/Stm32_F103C6_UART_driver.o
 .debug_macro   0x0000000000000000       0x8e STM32F103X6_DRIVERS/Stm32_F103C6_UART_driver.o
 .debug_macro   0x0000000000000000       0x51 STM32F103X6_DRIVERS/Stm32_F103C6_UART_driver.o
 .debug_macro   0x0000000000000000       0xef STM32F103X6_DRIVERS/Stm32_F103C6_UART_driver.o
 .debug_macro   0x0000000000000000       0x6a STM32F103X6_DRIVERS/Stm32_F103C6_UART_driver.o
 .debug_macro   0x0000000000000000      0x1df STM32F103X6_DRIVERS/Stm32_F103C6_UART_driver.o
 .debug_macro   0x0000000000000000      0x240 STM32F103X6_DRIVERS/Stm32_F103C6_UART_driver.o
 .debug_macro   0x0000000000000000       0xd6 STM32F103X6_DRIVERS/Stm32_F103C6_UART_driver.o
 .group         0x0000000000000000        0xc STM32F103X6_DRIVERS/Stm32_F103C6_gpio_driver.o
 .group         0x0000000000000000        0xc STM32F103X6_DRIVERS/Stm32_F103C6_gpio_driver.o
 .group         0x0000000000000000        0xc STM32F103X6_DRIVERS/Stm32_F103C6_gpio_driver.o
 .group         0x0000000000000000        0xc STM32F103X6_DRIVERS/Stm32_F103C6_gpio_driver.o
 .group         0x0000000000000000        0xc STM32F103X6_DRIVERS/Stm32_F103C6_gpio_driver.o
 .group         0x0000000000000000        0xc STM32F103X6_DRIVERS/Stm32_F103C6_gpio_driver.o
 .group         0x0000000000000000        0xc STM32F103X6_DRIVERS/Stm32_F103C6_gpio_driver.o
 .group         0x0000000000000000        0xc STM32F103X6_DRIVERS/Stm32_F103C6_gpio_driver.o
 .group         0x0000000000000000        0xc STM32F103X6_DRIVERS/Stm32_F103C6_gpio_driver.o
 .text          0x0000000000000000        0x0 STM32F103X6_DRIVERS/Stm32_F103C6_gpio_driver.o
 .data          0x0000000000000000        0x0 STM32F103X6_DRIVERS/Stm32_F103C6_gpio_driver.o
 .bss           0x0000000000000000        0x0 STM32F103X6_DRIVERS/Stm32_F103C6_gpio_driver.o
 .text.MCAL_GPIO_DeInit
                0x0000000000000000       0xd4 STM32F103X6_DRIVERS/Stm32_F103C6_gpio_driver.o
 .text.MCAL_GPIO_ReadPin
                0x0000000000000000       0x34 STM32F103X6_DRIVERS/Stm32_F103C6_gpio_driver.o
 .text.MCAL_GPIO_ReadPort
                0x0000000000000000       0x1a STM32F103X6_DRIVERS/Stm32_F103C6_gpio_driver.o
 .text.MCAL_GPIO_WritePin
                0x0000000000000000       0x48 STM32F103X6_DRIVERS/Stm32_F103C6_gpio_driver.o
 .text.MCAL_GPIO_WritePort
                0x0000000000000000       0x1c STM32F103X6_DRIVERS/Stm32_F103C6_gpio_driver.o
 .text.MCAL_GPIO_TogglePin
                0x0000000000000000       0x28 STM32F103X6_DRIVERS/Stm32_F103C6_gpio_driver.o
 .text.MCAL_GPIO_LockPin
                0x0000000000000000       0x5e STM32F103X6_DRIVERS/Stm32_F103C6_gpio_driver.o
 .debug_macro   0x0000000000000000      0xa60 STM32F103X6_DRIVERS/Stm32_F103C6_gpio_driver.o
 .debug_macro   0x0000000000000000       0x22 STM32F103X6_DRIVERS/Stm32_F103C6_gpio_driver.o
 .debug_macro   0x0000000000000000       0x8e STM32F103X6_DRIVERS/Stm32_F103C6_gpio_driver.o
 .debug_macro   0x0000000000000000       0x51 STM32F103X6_DRIVERS/Stm32_F103C6_gpio_driver.o
 .debug_macro   0x0000000000000000       0xef STM32F103X6_DRIVERS/Stm32_F103C6_gpio_driver.o
 .debug_macro   0x0000000000000000       0x6a STM32F103X6_DRIVERS/Stm32_F103C6_gpio_driver.o
 .debug_macro   0x0000000000000000      0x1df STM32F103X6_DRIVERS/Stm32_F103C6_gpio_driver.o
 .debug_macro   0x0000000000000000      0x240 STM32F103X6_DRIVERS/Stm32_F103C6_gpio_driver.o
 .group         0x0000000000000000        0xc Src/main.o
 .group         0x0000000000000000        0xc Src/main.o
 .group         0x0000000000000000        0xc Src/main.o
 .group         0x0000000000000000        0xc Src/main.o
 .group         0x0000000000000000        0xc Src/main.o
 .group         0x0000000000000000        0xc Src/main.o
 .group         0x0000000000000000        0xc Src/main.o
 .group         0x0000000000000000        0xc Src/main.o
 .group         0x0000000000000000        0xc Src/main.o
 .group         0x0000000000000000        0xc Src/main.o
 .group         0x0000000000000000        0xc Src/main.o
 .group         0x0000000000000000        0xc Src/main.o
 .group         0x0000000000000000        0xc Src/main.o
 .group         0x0000000000000000        0xc Src/main.o
 .group         0x0000000000000000        0xc Src/main.o
 .group         0x0000000000000000        0xc Src/main.o
 .group         0x0000000000000000        0xc Src/main.o
 .group         0x0000000000000000        0xc Src/main.o
 .group         0x0000000000000000        0xc Src/main.o
 .group         0x0000000000000000        0xc Src/main.o
 .group         0x0000000000000000        0xc Src/main.o
 .group         0x0000000000000000        0xc Src/main.o
 .group         0x0000000000000000        0xc Src/main.o
 .group         0x0000000000000000        0xc Src/main.o
 .group         0x0000000000000000        0xc Src/main.o
 .group         0x0000000000000000        0xc Src/main.o
 .group         0x0000000000000000        0xc Src/main.o
 .group         0x0000000000000000        0xc Src/main.o
 .group         0x0000000000000000        0xc Src/main.o
 .group         0x0000000000000000        0xc Src/main.o
 .group         0x0000000000000000        0xc Src/main.o
 .group         0x0000000000000000        0xc Src/main.o
 .group         0x0000000000000000        0xc Src/main.o
 .group         0x0000000000000000        0xc Src/main.o
 .group         0x0000000000000000        0xc Src/main.o
 .group         0x0000000000000000        0xc Src/main.o
 .group         0x0000000000000000        0xc Src/main.o
 .group         0x0000000000000000        0xc Src/main.o
 .group         0x0000000000000000        0xc Src/main.o
 .group         0x0000000000000000        0xc Src/main.o
 .group         0x0000000000000000        0xc Src/main.o
 .text          0x0000000000000000        0x0 Src/main.o
 .data          0x0000000000000000        0x0 Src/main.o
 .bss           0x0000000000000000        0x0 Src/main.o
 .bss.IRQ_Flag  0x0000000000000000        0x4 Src/main.o
 .debug_macro   0x0000000000000000      0xa60 Src/main.o
 .debug_macro   0x0000000000000000       0x22 Src/main.o
 .debug_macro   0x0000000000000000       0x8e Src/main.o
 .debug_macro   0x0000000000000000       0x51 Src/main.o
 .debug_macro   0x0000000000000000       0xef Src/main.o
 .debug_macro   0x0000000000000000       0x6a Src/main.o
 .debug_macro   0x0000000000000000      0x1df Src/main.o
 .debug_macro   0x0000000000000000      0x246 Src/main.o
 .debug_macro   0x0000000000000000       0xd0 Src/main.o
 .debug_macro   0x0000000000000000      0x223 Src/main.o
 .debug_macro   0x0000000000000000       0x16 Src/main.o
 .debug_macro   0x0000000000000000       0xd7 Src/main.o
 .group         0x0000000000000000        0xc Src/syscalls.o
 .group         0x0000000000000000        0xc Src/syscalls.o
 .group         0x0000000000000000        0xc Src/syscalls.o
 .group         0x0000000000000000        0xc Src/syscalls.o
 .group         0x0000000000000000        0xc Src/syscalls.o
 .group         0x0000000000000000        0xc Src/syscalls.o
 .group         0x0000000000000000        0xc Src/syscalls.o
 .group         0x0000000000000000        0xc Src/syscalls.o
 .group         0x0000000000000000        0xc Src/syscalls.o
 .group         0x0000000000000000        0xc Src/syscalls.o
 .group         0x0000000000000000        0xc Src/syscalls.o
 .group         0x0000000000000000        0xc Src/syscalls.o
 .group         0x0000000000000000        0xc Src/syscalls.o
 .group         0x0000000000000000        0xc Src/syscalls.o
 .group         0x0000000000000000        0xc Src/syscalls.o
 .group         0x0000000000000000        0xc Src/syscalls.o
 .group         0x0000000000000000        0xc Src/syscalls.o
 .group         0x0000000000000000        0xc Src/syscalls.o
 .group         0x0000000000000000        0xc Src/syscalls.o
 .group         0x0000000000000000        0xc Src/syscalls.o
 .group         0x0000000000000000        0xc Src/syscalls.o
 .group         0x0000000000000000        0xc Src/syscalls.o
 .group         0x0000000000000000        0xc Src/syscalls.o
 .group         0x0000000000000000        0xc Src/syscalls.o
 .group         0x0000000000000000        0xc Src/syscalls.o
 .group         0x0000000000000000        0xc Src/syscalls.o
 .group         0x0000000000000000        0xc Src/syscalls.o
 .group         0x0000000000000000        0xc Src/syscalls.o
 .group         0x0000000000000000        0xc Src/syscalls.o
 .group         0x0000000000000000        0xc Src/syscalls.o
 .group         0x0000000000000000        0xc Src/syscalls.o
 .group         0x0000000000000000        0xc Src/syscalls.o
 .group         0x0000000000000000        0xc Src/syscalls.o
 .group         0x0000000000000000        0xc Src/syscalls.o
 .group         0x0000000000000000        0xc Src/syscalls.o
 .group         0x0000000000000000        0xc Src/syscalls.o
 .group         0x0000000000000000        0xc Src/syscalls.o
 .group         0x0000000000000000        0xc Src/syscalls.o
 .group         0x0000000000000000        0xc Src/syscalls.o
 .group         0x0000000000000000        0xc Src/syscalls.o
 .group         0x0000000000000000        0xc Src/syscalls.o
 .group         0x0000000000000000        0xc Src/syscalls.o
 .group         0x0000000000000000        0xc Src/syscalls.o
 .group         0x0000000000000000        0xc Src/syscalls.o
 .text          0x0000000000000000        0x0 Src/syscalls.o
 .data          0x0000000000000000        0x0 Src/syscalls.o
 .bss           0x0000000000000000        0x0 Src/syscalls.o
 .bss.__env     0x0000000000000000        0x4 Src/syscalls.o
 .data.environ  0x0000000000000000        0x4 Src/syscalls.o
 .text.initialise_monitor_handles
                0x0000000000000000        0xc Src/syscalls.o
 .text._getpid  0x0000000000000000        0xe Src/syscalls.o
 .text._kill    0x0000000000000000       0x20 Src/syscalls.o
 .text._exit    0x0000000000000000       0x14 Src/syscalls.o
 .text._read    0x0000000000000000       0x3a Src/syscalls.o
 .text._write   0x0000000000000000       0x38 Src/syscalls.o
 .text._close   0x0000000000000000       0x16 Src/syscalls.o
 .text._fstat   0x0000000000000000       0x1e Src/syscalls.o
 .text._isatty  0x0000000000000000       0x14 Src/syscalls.o
 .text._lseek   0x0000000000000000       0x18 Src/syscalls.o
 .text._open    0x0000000000000000       0x1a Src/syscalls.o
 .text._wait    0x0000000000000000       0x1e Src/syscalls.o
 .text._unlink  0x0000000000000000       0x1e Src/syscalls.o
 .text._times   0x0000000000000000       0x16 Src/syscalls.o
 .text._stat    0x0000000000000000       0x1e Src/syscalls.o
 .text._link    0x0000000000000000       0x20 Src/syscalls.o
 .text._fork    0x0000000000000000       0x16 Src/syscalls.o
 .text._execve  0x0000000000000000       0x22 Src/syscalls.o
 .debug_info    0x0000000000000000      0xebd Src/syscalls.o
 .debug_abbrev  0x0000000000000000      0x261 Src/syscalls.o
 .debug_aranges
                0x0000000000000000       0xa8 Src/syscalls.o
 .debug_ranges  0x0000000000000000       0x98 Src/syscalls.o
 .debug_macro   0x0000000000000000      0x243 Src/syscalls.o
 .debug_macro   0x0000000000000000      0xa60 Src/syscalls.o
 .debug_macro   0x0000000000000000       0x22 Src/syscalls.o
 .debug_macro   0x0000000000000000       0x40 Src/syscalls.o
 .debug_macro   0x0000000000000000       0x18 Src/syscalls.o
 .debug_macro   0x0000000000000000       0x94 Src/syscalls.o
 .debug_macro   0x0000000000000000       0x3c Src/syscalls.o
 .debug_macro   0x0000000000000000       0x34 Src/syscalls.o
 .debug_macro   0x0000000000000000       0x57 Src/syscalls.o
 .debug_macro   0x0000000000000000      0x174 Src/syscalls.o
 .debug_macro   0x0000000000000000      0x330 Src/syscalls.o
 .debug_macro   0x0000000000000000       0x52 Src/syscalls.o
 .debug_macro   0x0000000000000000       0x1f Src/syscalls.o
 .debug_macro   0x0000000000000000       0x43 Src/syscalls.o
 .debug_macro   0x0000000000000000       0x20 Src/syscalls.o
 .debug_macro   0x0000000000000000      0x1a3 Src/syscalls.o
 .debug_macro   0x0000000000000000       0x10 Src/syscalls.o
 .debug_macro   0x0000000000000000       0x35 Src/syscalls.o
 .debug_macro   0x0000000000000000       0x10 Src/syscalls.o
 .debug_macro   0x0000000000000000       0x10 Src/syscalls.o
 .debug_macro   0x0000000000000000       0x10 Src/syscalls.o
 .debug_macro   0x0000000000000000       0x6a Src/syscalls.o
 .debug_macro   0x0000000000000000       0x1c Src/syscalls.o
 .debug_macro   0x0000000000000000       0x52 Src/syscalls.o
 .debug_macro   0x0000000000000000       0x40 Src/syscalls.o
 .debug_macro   0x0000000000000000       0x10 Src/syscalls.o
 .debug_macro   0x0000000000000000       0x40 Src/syscalls.o
 .debug_macro   0x0000000000000000       0xd7 Src/syscalls.o
 .debug_macro   0x0000000000000000       0x1c Src/syscalls.o
 .debug_macro   0x0000000000000000       0x3d Src/syscalls.o
 .debug_macro   0x0000000000000000       0x35 Src/syscalls.o
 .debug_macro   0x0000000000000000      0x122 Src/syscalls.o
 .debug_macro   0x0000000000000000       0x16 Src/syscalls.o
 .debug_macro   0x0000000000000000       0x16 Src/syscalls.o
 .debug_macro   0x0000000000000000       0x29 Src/syscalls.o
 .debug_macro   0x0000000000000000       0x10 Src/syscalls.o
 .debug_macro   0x0000000000000000      0x241 Src/syscalls.o
 .debug_macro   0x0000000000000000       0x1c Src/syscalls.o
 .debug_macro   0x0000000000000000       0x10 Src/syscalls.o
 .debug_macro   0x0000000000000000       0x10 Src/syscalls.o
 .debug_macro   0x0000000000000000       0x16 Src/syscalls.o
 .debug_macro   0x0000000000000000      0x145 Src/syscalls.o
 .debug_macro   0x0000000000000000      0x189 Src/syscalls.o
 .debug_macro   0x0000000000000000       0x16 Src/syscalls.o
 .debug_macro   0x0000000000000000       0x88 Src/syscalls.o
 .debug_line    0x0000000000000000      0x739 Src/syscalls.o
 .debug_str     0x0000000000000000     0x886a Src/syscalls.o
 .comment       0x0000000000000000       0x7c Src/syscalls.o
 .debug_frame   0x0000000000000000      0x2ac Src/syscalls.o
 .ARM.attributes
                0x0000000000000000       0x33 Src/syscalls.o
 .group         0x0000000000000000        0xc Src/sysmem.o
 .group         0x0000000000000000        0xc Src/sysmem.o
 .group         0x0000000000000000        0xc Src/sysmem.o
 .group         0x0000000000000000        0xc Src/sysmem.o
 .group         0x0000000000000000        0xc Src/sysmem.o
 .group         0x0000000000000000        0xc Src/sysmem.o
 .group         0x0000000000000000        0xc Src/sysmem.o
 .group         0x0000000000000000        0xc Src/sysmem.o
 .group         0x0000000000000000        0xc Src/sysmem.o
 .group         0x0000000000000000        0xc Src/sysmem.o
 .group         0x0000000000000000        0xc Src/sysmem.o
 .group         0x0000000000000000        0xc Src/sysmem.o
 .group         0x0000000000000000        0xc Src/sysmem.o
 .group         0x0000000000000000        0xc Src/sysmem.o
 .group         0x0000000000000000        0xc Src/sysmem.o
 .group         0x0000000000000000        0xc Src/sysmem.o
 .group         0x0000000000000000        0xc Src/sysmem.o
 .group         0x0000000000000000        0xc Src/sysmem.o
 .group         0x0000000000000000        0xc Src/sysmem.o
 .text          0x0000000000000000        0x0 Src/sysmem.o
 .data          0x0000000000000000        0x0 Src/sysmem.o
 .bss           0x0000000000000000        0x0 Src/sysmem.o
 .bss.__sbrk_heap_end
                0x0000000000000000        0x4 Src/sysmem.o
 .text._sbrk    0x0000000000000000       0x6c Src/sysmem.o
 .debug_info    0x0000000000000000      0x985 Src/sysmem.o
 .debug_abbrev  0x0000000000000000      0x19b Src/sysmem.o
 .debug_aranges
                0x0000000000000000       0x20 Src/sysmem.o
 .debug_ranges  0x0000000000000000       0x10 Src/sysmem.o
 .debug_macro   0x0000000000000000       0xee Src/sysmem.o
 .debug_macro   0x0000000000000000      0xa60 Src/sysmem.o
 .debug_macro   0x0000000000000000       0x10 Src/sysmem.o
 .debug_macro   0x0000000000000000       0x22 Src/sysmem.o
 .debug_macro   0x0000000000000000       0x40 Src/sysmem.o
 .debug_macro   0x0000000000000000       0x18 Src/sysmem.o
 .debug_macro   0x0000000000000000       0x94 Src/sysmem.o
 .debug_macro   0x0000000000000000       0x3c Src/sysmem.o
 .debug_macro   0x0000000000000000       0x34 Src/sysmem.o
 .debug_macro   0x0000000000000000      0x174 Src/sysmem.o
 .debug_macro   0x0000000000000000       0x57 Src/sysmem.o
 .debug_macro   0x0000000000000000       0x52 Src/sysmem.o
 .debug_macro   0x0000000000000000       0x1f Src/sysmem.o
 .debug_macro   0x0000000000000000       0x43 Src/sysmem.o
 .debug_macro   0x0000000000000000       0x20 Src/sysmem.o
 .debug_macro   0x0000000000000000      0x1a3 Src/sysmem.o
 .debug_macro   0x0000000000000000      0x23b Src/sysmem.o
 .debug_macro   0x0000000000000000       0xef Src/sysmem.o
 .debug_macro   0x0000000000000000       0x6a Src/sysmem.o
 .debug_macro   0x0000000000000000      0x1df Src/sysmem.o
 .debug_line    0x0000000000000000      0x4c2 Src/sysmem.o
 .debug_str     0x0000000000000000     0x5f38 Src/sysmem.o
 .comment       0x0000000000000000       0x7c Src/sysmem.o
 .debug_frame   0x0000000000000000       0x34 Src/sysmem.o
 .ARM.attributes
                0x0000000000000000       0x33 Src/sysmem.o
 .text          0x0000000000000000       0x14 Startup/startup_stm32f103c6tx.o
 .data          0x0000000000000000        0x0 Startup/startup_stm32f103c6tx.o
 .bss           0x0000000000000000        0x0 Startup/startup_stm32f103c6tx.o
 .text          0x0000000000000000        0x0 c:/st/stm32cubeide_1.4.0/stm32cubeide/plugins/com.st.stm32cube.ide.mcu.externaltools.gnu-tools-for-stm32.7-2018-q2-update.win32_1.4.0.202007081208/tools/bin/../lib/gcc/arm-none-eabi/7.3.1/../../../../arm-none-eabi/lib/thumb/v7-m\libc_nano.a(lib_a-errno.o)
 .data          0x0000000000000000        0x0 c:/st/stm32cubeide_1.4.0/stm32cubeide/plugins/com.st.stm32cube.ide.mcu.externaltools.gnu-tools-for-stm32.7-2018-q2-update.win32_1.4.0.202007081208/tools/bin/../lib/gcc/arm-none-eabi/7.3.1/../../../../arm-none-eabi/lib/thumb/v7-m\libc_nano.a(lib_a-errno.o)
 .bss           0x0000000000000000        0x0 c:/st/stm32cubeide_1.4.0/stm32cubeide/plugins/com.st.stm32cube.ide.mcu.externaltools.gnu-tools-for-stm32.7-2018-q2-update.win32_1.4.0.202007081208/tools/bin/../lib/gcc/arm-none-eabi/7.3.1/../../../../arm-none-eabi/lib/thumb/v7-m\libc_nano.a(lib_a-errno.o)
 .text.__errno  0x0000000000000000        0xc c:/st/stm32cubeide_1.4.0/stm32cubeide/plugins/com.st.stm32cube.ide.mcu.externaltools.gnu-tools-for-stm32.7-2018-q2-update.win32_1.4.0.202007081208/tools/bin/../lib/gcc/arm-none-eabi/7.3.1/../../../../arm-none-eabi/lib/thumb/v7-m\libc_nano.a(lib_a-errno.o)
 .debug_frame   0x0000000000000000       0x20 c:/st/stm32cubeide_1.4.0/stm32cubeide/plugins/com.st.stm32cube.ide.mcu.externaltools.gnu-tools-for-stm32.7-2018-q2-update.win32_1.4.0.202007081208/tools/bin/../lib/gcc/arm-none-eabi/7.3.1/../../../../arm-none-eabi/lib/thumb/v7-m\libc_nano.a(lib_a-errno.o)
 .ARM.attributes
                0x0000000000000000       0x2d c:/st/stm32cubeide_1.4.0/stm32cubeide/plugins/com.st.stm32cube.ide.mcu.externaltools.gnu-tools-for-stm32.7-2018-q2-update.win32_1.4.0.202007081208/tools/bin/../lib/gcc/arm-none-eabi/7.3.1/../../../../arm-none-eabi/lib/thumb/v7-m\libc_nano.a(lib_a-errno.o)
 .text          0x0000000000000000        0x0 c:/st/stm32cubeide_1.4.0/stm32cubeide/plugins/com.st.stm32cube.ide.mcu.externaltools.gnu-tools-for-stm32.7-2018-q2-update.win32_1.4.0.202007081208/tools/bin/../lib/gcc/arm-none-eabi/7.3.1/../../../../arm-none-eabi/lib/thumb/v7-m\libc_nano.a(lib_a-exit.o)
 .data          0x0000000000000000        0x0 c:/st/stm32cubeide_1.4.0/stm32cubeide/plugins/com.st.stm32cube.ide.mcu.externaltools.gnu-tools-for-stm32.7-2018-q2-update.win32_1.4.0.202007081208/tools/bin/../lib/gcc/arm-none-eabi/7.3.1/../../../../arm-none-eabi/lib/thumb/v7-m\libc_nano.a(lib_a-exit.o)
 .bss           0x0000000000000000        0x0 c:/st/stm32cubeide_1.4.0/stm32cubeide/plugins/com.st.stm32cube.ide.mcu.externaltools.gnu-tools-for-stm32.7-2018-q2-update.win32_1.4.0.202007081208/tools/bin/../lib/gcc/arm-none-eabi/7.3.1/../../../../arm-none-eabi/lib/thumb/v7-m\libc_nano.a(lib_a-exit.o)
 .text.exit     0x0000000000000000       0x28 c:/st/stm32cubeide_1.4.0/stm32cubeide/plugins/com.st.stm32cube.ide.mcu.externaltools.gnu-tools-for-stm32.7-2018-q2-update.win32_1.4.0.202007081208/tools/bin/../lib/gcc/arm-none-eabi/7.3.1/../../../../arm-none-eabi/lib/thumb/v7-m\libc_nano.a(lib_a-exit.o)
 .debug_frame   0x0000000000000000       0x28 c:/st/stm32cubeide_1.4.0/stm32cubeide/plugins/com.st.stm32cube.ide.mcu.externaltools.gnu-tools-for-stm32.7-2018-q2-update.win32_1.4.0.202007081208/tools/bin/../lib/gcc/arm-none-eabi/7.3.1/../../../../arm-none-eabi/lib/thumb/v7-m\libc_nano.a(lib_a-exit.o)
 .ARM.attributes
                0x0000000000000000       0x2d c:/st/stm32cubeide_1.4.0/stm32cubeide/plugins/com.st.stm32cube.ide.mcu.externaltools.gnu-tools-for-stm32.7-2018-q2-update.win32_1.4.0.202007081208/tools/bin/../lib/gcc/arm-none-eabi/7.3.1/../../../../arm-none-eabi/lib/thumb/v7-m\libc_nano.a(lib_a-exit.o)
 .text          0x0000000000000000        0x0 c:/st/stm32cubeide_1.4.0/stm32cubeide/plugins/com.st.stm32cube.ide.mcu.externaltools.gnu-tools-for-stm32.7-2018-q2-update.win32_1.4.0.202007081208/tools/bin/../lib/gcc/arm-none-eabi/7.3.1/../../../../arm-none-eabi/lib/thumb/v7-m\libc_nano.a(lib_a-impure.o)
 .data          0x0000000000000000        0x0 c:/st/stm32cubeide_1.4.0/stm32cubeide/plugins/com.st.stm32cube.ide.mcu.externaltools.gnu-tools-for-stm32.7-2018-q2-update.win32_1.4.0.202007081208/tools/bin/../lib/gcc/arm-none-eabi/7.3.1/../../../../arm-none-eabi/lib/thumb/v7-m\libc_nano.a(lib_a-impure.o)
 .bss           0x0000000000000000        0x0 c:/st/stm32cubeide_1.4.0/stm32cubeide/plugins/com.st.stm32cube.ide.mcu.externaltools.gnu-tools-for-stm32.7-2018-q2-update.win32_1.4.0.202007081208/tools/bin/../lib/gcc/arm-none-eabi/7.3.1/../../../../arm-none-eabi/lib/thumb/v7-m\libc_nano.a(lib_a-impure.o)
 .data._impure_ptr
                0x0000000000000000        0x4 c:/st/stm32cubeide_1.4.0/stm32cubeide/plugins/com.st.stm32cube.ide.mcu.externaltools.gnu-tools-for-stm32.7-2018-q2-update.win32_1.4.0.202007081208/tools/bin/../lib/gcc/arm-none-eabi/7.3.1/../../../../arm-none-eabi/lib/thumb/v7-m\libc_nano.a(lib_a-impure.o)
 .data.impure_data
                0x0000000000000000       0x60 c:/st/stm32cubeide_1.4.0/stm32cubeide/plugins/com.st.stm32cube.ide.mcu.externaltools.gnu-tools-for-stm32.7-2018-q2-update.win32_1.4.0.202007081208/tools/bin/../lib/gcc/arm-none-eabi/7.3.1/../../../../arm-none-eabi/lib/thumb/v7-m\libc_nano.a(lib_a-impure.o)
 .rodata._global_impure_ptr
                0x0000000000000000        0x4 c:/st/stm32cubeide_1.4.0/stm32cubeide/plugins/com.st.stm32cube.ide.mcu.externaltools.gnu-tools-for-stm32.7-2018-q2-update.win32_1.4.0.202007081208/tools/bin/../lib/gcc/arm-none-eabi/7.3.1/../../../../arm-none-eabi/lib/thumb/v7-m\libc_nano.a(lib_a-impure.o)
 .ARM.attributes
                0x0000000000000000       0x2d c:/st/stm32cubeide_1.4.0/stm32cubeide/plugins/com.st.stm32cube.ide.mcu.externaltools.gnu-tools-for-stm32.7-2018-q2-update.win32_1.4.0.202007081208/tools/bin/../lib/gcc/arm-none-eabi/7.3.1/../../../../arm-none-eabi/lib/thumb/v7-m\libc_nano.a(lib_a-impure.o)
 .text          0x0000000000000000        0x0 c:/st/stm32cubeide_1.4.0/stm32cubeide/plugins/com.st.stm32cube.ide.mcu.externaltools.gnu-tools-for-stm32.7-2018-q2-update.win32_1.4.0.202007081208/tools/bin/../lib/gcc/arm-none-eabi/7.3.1/../../../../arm-none-eabi/lib/thumb/v7-m\libc_nano.a(lib_a-init.o)
 .data          0x0000000000000000        0x0 c:/st/stm32cubeide_1.4.0/stm32cubeide/plugins/com.st.stm32cube.ide.mcu.externaltools.gnu-tools-for-stm32.7-2018-q2-update.win32_1.4.0.202007081208/tools/bin/../lib/gcc/arm-none-eabi/7.3.1/../../../../arm-none-eabi/lib/thumb/v7-m\libc_nano.a(lib_a-init.o)
 .bss           0x0000000000000000        0x0 c:/st/stm32cubeide_1.4.0/stm32cubeide/plugins/com.st.stm32cube.ide.mcu.externaltools.gnu-tools-for-stm32.7-2018-q2-update.win32_1.4.0.202007081208/tools/bin/../lib/gcc/arm-none-eabi/7.3.1/../../../../arm-none-eabi/lib/thumb/v7-m\libc_nano.a(lib_a-init.o)
 .text          0x0000000000000000        0x0 c:/st/stm32cubeide_1.4.0/stm32cubeide/plugins/com.st.stm32cube.ide.mcu.externaltools.gnu-tools-for-stm32.7-2018-q2-update.win32_1.4.0.202007081208/tools/bin/../lib/gcc/arm-none-eabi/7.3.1/../../../../arm-none-eabi/lib/thumb/v7-m\libc_nano.a(lib_a-memset.o)
 .data          0x0000000000000000        0x0 c:/st/stm32cubeide_1.4.0/stm32cubeide/plugins/com.st.stm32cube.ide.mcu.externaltools.gnu-tools-for-stm32.7-2018-q2-update.win32_1.4.0.202007081208/tools/bin/../lib/gcc/arm-none-eabi/7.3.1/../../../../arm-none-eabi/lib/thumb/v7-m\libc_nano.a(lib_a-memset.o)
 .bss           0x0000000000000000        0x0 c:/st/stm32cubeide_1.4.0/stm32cubeide/plugins/com.st.stm32cube.ide.mcu.externaltools.gnu-tools-for-stm32.7-2018-q2-update.win32_1.4.0.202007081208/tools/bin/../lib/gcc/arm-none-eabi/7.3.1/../../../../arm-none-eabi/lib/thumb/v7-m\libc_nano.a(lib_a-memset.o)
 .text.memset   0x0000000000000000       0x10 c:/st/stm32cubeide_1.4.0/stm32cubeide/plugins/com.st.stm32cube.ide.mcu.externaltools.gnu-tools-for-stm32.7-2018-q2-update.win32_1.4.0.202007081208/tools/bin/../lib/gcc/arm-none-eabi/7.3.1/../../../../arm-none-eabi/lib/thumb/v7-m\libc_nano.a(lib_a-memset.o)
 .debug_frame   0x0000000000000000       0x20 c:/st/stm32cubeide_1.4.0/stm32cubeide/plugins/com.st.stm32cube.ide.mcu.externaltools.gnu-tools-for-stm32.7-2018-q2-update.win32_1.4.0.202007081208/tools/bin/../lib/gcc/arm-none-eabi/7.3.1/../../../../arm-none-eabi/lib/thumb/v7-m\libc_nano.a(lib_a-memset.o)
 .ARM.attributes
                0x0000000000000000       0x2d c:/st/stm32cubeide_1.4.0/stm32cubeide/plugins/com.st.stm32cube.ide.mcu.externaltools.gnu-tools-for-stm32.7-2018-q2-update.win32_1.4.0.202007081208/tools/bin/../lib/gcc/arm-none-eabi/7.3.1/../../../../arm-none-eabi/lib/thumb/v7-m\libc_nano.a(lib_a-memset.o)
 .text          0x0000000000000000        0x0 c:/st/stm32cubeide_1.4.0/stm32cubeide/plugins/com.st.stm32cube.ide.mcu.externaltools.gnu-tools-for-stm32.7-2018-q2-update.win32_1.4.0.202007081208/tools/bin/../lib/gcc/arm-none-eabi/7.3.1/thumb/v7-m/crtend.o
 .data          0x0000000000000000        0x0 c:/st/stm32cubeide_1.4.0/stm32cubeide/plugins/com.st.stm32cube.ide.mcu.externaltools.gnu-tools-for-stm32.7-2018-q2-update.win32_1.4.0.202007081208/tools/bin/../lib/gcc/arm-none-eabi/7.3.1/thumb/v7-m/crtend.o
 .bss           0x0000000000000000        0x0 c:/st/stm32cubeide_1.4.0/stm32cubeide/plugins/com.st.stm32cube.ide.mcu.externaltools.gnu-tools-for-stm32.7-2018-q2-update.win32_1.4.0.202007081208/tools/bin/../lib/gcc/arm-none-eabi/7.3.1/thumb/v7-m/crtend.o
 .eh_frame      0x0000000000000000        0x4 c:/st/stm32cubeide_1.4.0/stm32cubeide/plugins/com.st.stm32cube.ide.mcu.externaltools.gnu-tools-for-stm32.7-2018-q2-update.win32_1.4.0.202007081208/tools/bin/../lib/gcc/arm-none-eabi/7.3.1/thumb/v7-m/crtend.o
 .ARM.attributes
                0x0000000000000000       0x2d c:/st/stm32cubeide_1.4.0/stm32cubeide/plugins/com.st.stm32cube.ide.mcu.externaltools.gnu-tools-for-stm32.7-2018-q2-update.win32_1.4.0.202007081208/tools/bin/../lib/gcc/arm-none-eabi/7.3.1/thumb/v7-m/crtend.o
 .text          0x0000000000000000        0x0 c:/st/stm32cubeide_1.4.0/stm32cubeide/plugins/com.st.stm32cube.ide.mcu.externaltools.gnu-tools-for-stm32.7-2018-q2-update.win32_1.4.0.202007081208/tools/bin/../lib/gcc/arm-none-eabi/7.3.1/thumb/v7-m/crtn.o
 .data          0x0000000000000000        0x0 c:/st/stm32cubeide_1.4.0/stm32cubeide/plugins/com.st.stm32cube.ide.mcu.externaltools.gnu-tools-for-stm32.7-2018-q2-update.win32_1.4.0.202007081208/tools/bin/../lib/gcc/arm-none-eabi/7.3.1/thumb/v7-m/crtn.o
 .bss           0x0000000000000000        0x0 c:/st/stm32cubeide_1.4.0/stm32cubeide/plugins/com.st.stm32cube.ide.mcu.externaltools.gnu-tools-for-stm32.7-2018-q2-update.win32_1.4.0.202007081208/tools/bin/../lib/gcc/arm-none-eabi/7.3.1/thumb/v7-m/crtn.o

Memory Configuration

Name             Origin             Length             Attributes
RAM              0x0000000020000000 0x0000000000002800 xrw
ROM              0x0000000008000000 0x0000000000008000 xr
*default*        0x0000000000000000 0xffffffffffffffff

Linker script and memory map

LOAD c:/st/stm32cubeide_1.4.0/stm32cubeide/plugins/com.st.stm32cube.ide.mcu.externaltools.gnu-tools-for-stm32.7-2018-q2-update.win32_1.4.0.202007081208/tools/bin/../lib/gcc/arm-none-eabi/7.3.1/thumb/v7-m/crti.o
LOAD c:/st/stm32cubeide_1.4.0/stm32cubeide/plugins/com.st.stm32cube.ide.mcu.externaltools.gnu-tools-for-stm32.7-2018-q2-update.win32_1.4.0.202007081208/tools/bin/../lib/gcc/arm-none-eabi/7.3.1/thumb/v7-m/crtbegin.o
LOAD c:/st/stm32cubeide_1.4.0/stm32cubeide/plugins/com.st.stm32cube.ide.mcu.externaltools.gnu-tools-for-stm32.7-2018-q2-update.win32_1.4.0.202007081208/tools/bin/../lib/gcc/arm-none-eabi/7.3.1/../../../../arm-none-eabi/lib/thumb/v7-m/crt0.o
LOAD STM32F103X6_DRIVERS/Stm32_F103C6_EXTI_driver.o
LOAD STM32F103X6_DRIVERS/Stm32_F103C6_RCC_driver.o
LOAD STM32F103X6_DRIVERS/Stm32_F103C6_UART_driver.o
LOAD STM32F103X6_DRIVERS/Stm32_F103C6_gpio_driver.o
LOAD Src/main.o
LOAD Src/syscalls.o
LOAD Src/sysmem.o
LOAD Startup/startup_stm32f103c6tx.o
START GROUP
LOAD c:/st/stm32cubeide_1.4.0/stm32cubeide/plugins/com.st.stm32cube.ide.mcu.externaltools.gnu-tools-for-stm32.7-2018-q2-update.win32_1.4.0.202007081208/tools/bin/../lib/gcc/arm-none-eabi/7.3.1/../../../../arm-none-eabi/lib/thumb/v7-m\libc_nano.a
LOAD c:/st/stm32cubeide_1.4.0/stm32cubeide/plugins/com.st.stm32cube.ide.mcu.externaltools.gnu-tools-for-stm32.7-2018-q2-update.win32_1.4.0.202007081208/tools/bin/../lib/gcc/arm-none-eabi/7.3.1/../../../../arm-none-eabi/lib/thumb/v7-m\libm.a
END GROUP
START GROUP
LOAD c:/st/stm32cubeide_1.4.0/stm32cubeide/plugins/com.st.stm32cube.ide.mcu.externaltools.gnu-tools-for-stm32.7-2018-q2-update.win32_1.4.0.202007081208/tools/bin/../lib/gcc/arm-none-eabi/7.3.1/thumb/v7-m\libgcc.a
LOAD c:/st/stm32cubeide_1.4.0/stm32cubeide/plugins/com.st.stm32cube.ide.mcu.externaltools.gnu-tools-for-stm32.7-2018-q2-update.win32_1.4.0.202007081208/tools/bin/../lib/gcc/arm-none-eabi/7.3.1/../../../../arm-none-eabi/lib/thumb/v7-m\libc_nano.a
END GROUP
START GROUP
LOAD c:/st/stm32cubeide_1.4.0/stm32cubeide/plugins/com.st.stm32cube.ide.mcu.externaltools.gnu-tools-for-stm32.7-2018-q2-update.win32_1.4.0.202007081208/tools/bin/../lib/gcc/arm-none-eabi/7.3.1/thumb/v7-m\libgcc.a
LOAD c:/st/stm32cubeide_1.4.0/stm32cubeide/plugins/com.st.stm32cube.ide.mcu.externaltools.gnu-tools-for-stm32.7-2018-q2-update.win32_1.4.0.202007081208/tools/bin/../lib/gcc/arm-none-eabi/7.3.1/../../../../arm-none-eabi/lib/thumb/v7-m\libc_nano.a
LOAD c:/st/stm32cubeide_1.4.0/stm32cubeide/plugins/com.st.stm32cube.ide.mcu.externaltools.gnu-tools-for-stm32.7-2018-q2-update.win32_1.4.0.202007081208/tools/bin/../lib/gcc/arm-none-eabi/7.3.1/../../../../arm-none-eabi/lib/thumb/v7-m\libnosys.a
END GROUP
START GROUP
LOAD c:/st/stm32cubeide_1.4.0/stm32cubeide/plugins/com.st.stm32cube.ide.mcu.externaltools.gnu-tools-for-stm32.7-2018-q2-update.win32_1.4.0.202007081208/tools/bin/../lib/gcc/arm-none-eabi/7.3.1/thumb/v7-m\libgcc.a
LOAD c:/st/stm32cubeide_1.4.0/stm32cubeide/plugins/com.st.stm32cube.ide.mcu.externaltools.gnu-tools-for-stm32.7-2018-q2-update.win32_1.4.0.202007081208/tools/bin/../lib/gcc/arm-none-eabi/7.3.1/../../../../arm-none-eabi/lib/thumb/v7-m\libc_nano.a
LOAD c:/st/stm32cubeide_1.4.0/stm32cubeide/plugins/com.st.stm32cube.ide.mcu.externaltools.gnu-tools-for-stm32.7-2018-q2-update.win32_1.4.0.202007081208/tools/bin/../lib/gcc/arm-none-eabi/7.3.1/../../../../arm-none-eabi/lib/thumb/v7-m\libnosys.a
END GROUP
LOAD c:/st/stm32cubeide_1.4.0/stm32cubeide/plugins/com.st.stm32cube.ide.mcu.externaltools.gnu-tools-for-stm32.7-2018-q2-update.win32_1.4.0.202007081208/tools/bin/../lib/gcc/arm-none-eabi/7.3.1/thumb/v7-m/crtend.o
LOAD c:/st/stm32cubeide_1.4.0/stm32cubeide/plugins/com.st.stm32cube.ide.mcu.externaltools.gnu-tools-for-stm32.7-2018-q2-update.win32_1.4.0.202007081208/tools/bin/../lib/gcc/arm-none-eabi/7.3.1/thumb/v7-m/crtn.o
                0x0000000020002800                _estack = (ORIGIN (RAM) + LENGTH (RAM))
                0x0000000000000200                _Min_Heap_Size = 0x200
                0x0000000000000400                _Min_Stack_Size = 0x400

.isr_vector     0x0000000008000000      0x130
                0x0000000008000000                . = ALIGN (0x4)
 *(.isr_vector)
 .isr_vector    0x0000000008000000      0x130 Startup/startup_stm32f103c6tx.o
                0x0000000008000000                g_pfnVectors
                0x0000000008000130                . = ALIGN (0x4)

.text           0x0000000008000130      0x92c
                0x0000000008000130                . = ALIGN (0x4)
 *(.text)
 .text          0x0000000008000130       0x40 c:/st/stm32cubeide_1.4.0/stm32cubeide/plugins/com.st.stm32cube.ide.mcu.externaltools.gnu-tools-for-stm32.7-2018-q2-update.win32_1.4.0.202007081208/tools/bin/../lib/gcc/arm-none-eabi/7.3.1/thumb/v7-m/crtbegin.o
 *(.text*)
 .text.EXTI0_IRQHandler
                0x0000000008000170       0x24 STM32F103X6_DRIVERS/Stm32_F103C6_EXTI_driver.o
                0x0000000008000170                EXTI0_IRQHandler
 .text.EXTI1_IRQHandler
                0x0000000008000194       0x24 STM32F103X6_DRIVERS/Stm32_F103C6_EXTI_driver.o
                0x0000000008000194                EXTI1_IRQHandler
 .text.EXTI2_IRQHandler
                0x00000000080001b8       0x24 STM32F103X6_DRIVERS/Stm32_F103C6_EXTI_driver.o
                0x00000000080001b8                EXTI2_IRQHandler
 .text.EXTI3_IRQHandler
                0x00000000080001dc       0x24 STM32F103X6_DRIVERS/Stm32_F103C6_EXTI_driver.o
                0x00000000080001dc                EXTI3_IRQHandler
 .text.EXTI4_IRQHandler
                0x0000000008000200       0x24 STM32F103X6_DRIVERS/Stm32_F103C6_EXTI_driver.o
                0x0000000008000200                EXTI4_IRQHandler
 .text.EXTI9_5_IRQHandler
                0x0000000008000224       0xb0 STM32F103X6_DRIVERS/Stm32_F103C6_EXTI_driver.o
                0x0000000008000224                EXTI9_5_IRQHandler
 .text.EXTI15_10_IRQHandler
                0x00000000080002d4       0xd0 STM32F103X6_DRIVERS/Stm32_F103C6_EXTI_driver.o
                0x00000000080002d4                EXTI15_10_IRQHandler
 .text.MCAL_RCC_GET_SYSCLK_Freq
                0x00000000080003a4       0x3c STM32F103X6_DRIVERS/Stm32_F103C6_RCC_driver.o
                0x00000000080003a4                MCAL_RCC_GET_SYSCLK_Freq
 .text.MCAL_RCC_GET_PCLK1_Freq
                0x00000000080003e0       0x28 STM32F103X6_DRIVERS/Stm32_F103C6_RCC_driver.o
                0x00000000080003e0                MCAL_RCC_GET_PCLK1_Freq
 .text.MCAL_RCC_GET_PCLK2_Freq
                0x0000000008000408       0x28 STM32F103X6_DRIVERS/Stm32_F103C6_RCC_driver.o
                0x0000000008000408                MCAL_RCC_GET_PCLK2_Freq
 .text.MCAL_UART_Init
                0x0000000008000430      0x160 STM32F103X6_DRIVERS/Stm32_F103C6_UART_driver.o
                0x0000000008000430                MCAL_UART_Init
 .text.MCAL_UART_GPIO_Set_Pins
                0x0000000008000590       0xc4 STM32F103X6_DRIVERS/Stm32_F103C6_UART_driver.o
                0x0000000008000590                MCAL_UART_GPIO_Set_Pins
 .text.MCAL_UART_SendData
                0x0000000008000654       0x94 STM32F103X6_DRIVERS/Stm32_F103C6_UART_driver.o
                0x0000000008000654                MCAL_UART_SendData
 .text.MCAL_UART_ReceiveData
                0x00000000080006e8       0xf4 STM32F103X6_DRIVERS/Stm32_F103C6_UART_driver.o
                0x00000000080006e8                MCAL_UART_ReceiveData
 .text.USART1_IRQHandler
                0x00000000080007dc       0x14 STM32F103X6_DRIVERS/Stm32_F103C6_UART_driver.o
                0x00000000080007dc                USART1_IRQHandler
 .text.USART2_IRQHandler
                0x00000000080007f0       0x14 STM32F103X6_DRIVERS/Stm32_F103C6_UART_driver.o
                0x00000000080007f0                USART2_IRQHandler
 .text.USART3_IRQHandler
                0x0000000008000804       0x14 STM32F103X6_DRIVERS/Stm32_F103C6_UART_driver.o
                0x0000000008000804                USART3_IRQHandler
 .text.MCAL_GPIO_Init
                0x0000000008000818      0x104 STM32F103X6_DRIVERS/Stm32_F103C6_gpio_driver.o
                0x0000000008000818                MCAL_GPIO_Init
 .text.UART_IRQ_Callback
                0x000000000800091c       0x24 Src/main.o
                0x000000000800091c                UART_IRQ_Callback
 .text.main     0x0000000008000940       0x68 Src/main.o
                0x0000000008000940                main
 .text.Reset_Handler
                0x00000000080009a8       0x50 Startup/startup_stm32f103c6tx.o
                0x00000000080009a8                Reset_Handler
 .text.Default_Handler
                0x00000000080009f8        0x2 Startup/startup_stm32f103c6tx.o
                0x00000000080009f8                TIM8_TRG_COM_IRQHandler
                0x00000000080009f8                TIM8_CC_IRQHandler
                0x00000000080009f8                DebugMon_Handler
                0x00000000080009f8                TIM1_CC_IRQHandler
                0x00000000080009f8                HardFault_Handler
                0x00000000080009f8                TIM6_IRQHandler
                0x00000000080009f8                SysTick_Handler
                0x00000000080009f8                PVD_IRQHandler
                0x00000000080009f8                SDIO_IRQHandler
                0x00000000080009f8                PendSV_Handler
                0x00000000080009f8                NMI_Handler
                0x00000000080009f8                USB_HP_CAN_TX_IRQHandler
                0x00000000080009f8                I2C2_EV_IRQHandler
                0x00000000080009f8                UsageFault_Handler
                0x00000000080009f8                ADC1_2_IRQHandler
                0x00000000080009f8                SPI1_IRQHandler
                0x00000000080009f8                CAN_SCE_IRQHandler
                0x00000000080009f8                TAMPER_IRQHandler
                0x00000000080009f8                TIM8_UP_IRQHandler
                0x00000000080009f8                DMA2_Channel2_IRQHandler
                0x00000000080009f8                DMA1_Channel4_IRQHandler
                0x00000000080009f8                RTC_IRQHandler
                0x00000000080009f8                DMA1_Channel7_IRQHandler
                0x00000000080009f8                UART5_IRQHandler
                0x00000000080009f8                ADC3_IRQHandler
                0x00000000080009f8                TIM4_IRQHandler
                0x00000000080009f8                CAN_RX1_IRQHandler
                0x00000000080009f8                DMA2_Channel1_IRQHandler
                0x00000000080009f8                I2C1_EV_IRQHandler
                0x00000000080009f8                DMA1_Channel6_IRQHandler
                0x00000000080009f8                UART4_IRQHandler
                0x00000000080009f8                TIM3_IRQHandler
                0x00000000080009f8                RCC_IRQHandler
                0x00000000080009f8                TIM1_TRG_COM_IRQHandler
                0x00000000080009f8                DMA1_Channel1_IRQHandler
                0x00000000080009f8                Default_Handler
                0x00000000080009f8                TIM7_IRQHandler
                0x00000000080009f8                TIM5_IRQHandler
                0x00000000080009f8                SPI2_IRQHandler
                0x00000000080009f8                USB_LP_CAN_RX0_IRQHandler
                0x00000000080009f8                MemManage_Handler
                0x00000000080009f8                SVC_Handler
                0x00000000080009f8                DMA1_Channel5_IRQHandler
                0x00000000080009f8                DMA1_Channel3_IRQHandler
                0x00000000080009f8                FSMC_IRQHandler
                0x00000000080009f8                TIM1_UP_IRQHandler
                0x00000000080009f8                WWDG_IRQHandler
                0x00000000080009f8                TIM2_IRQHandler
                0x00000000080009f8                TIM1_BRK_IRQHandler
                0x00000000080009f8                RTCAlarm_IRQHandler
                0x00000000080009f8                DMA2_Channel4_5_IRQHandler
                0x00000000080009f8                I2C2_ER_IRQHandler
                0x00000000080009f8                DMA1_Channel2_IRQHandler
                0x00000000080009f8                TIM8_BRK_IRQHandler
                0x00000000080009f8                FLASH_IRQHandler
                0x00000000080009f8                BusFault_Handler
                0x00000000080009f8                SPI3_IRQHandler
                0x00000000080009f8                I2C1_ER_IRQHandler
                0x00000000080009f8                DMA2_Channel3_IRQHandler
 *fill*         0x00000000080009fa        0x2 
 .text.__libc_init_array
                0x00000000080009fc       0x48 c:/st/stm32cubeide_1.4.0/stm32cubeide/plugins/com.st.stm32cube.ide.mcu.externaltools.gnu-tools-for-stm32.7-2018-q2-update.win32_1.4.0.202007081208/tools/bin/../lib/gcc/arm-none-eabi/7.3.1/../../../../arm-none-eabi/lib/thumb/v7-m\libc_nano.a(lib_a-init.o)
                0x00000000080009fc                __libc_init_array
 *(.glue_7)
 .glue_7        0x0000000008000a44        0x0 linker stubs
 *(.glue_7t)
 .glue_7t       0x0000000008000a44        0x0 linker stubs
 *(.eh_frame)
 .eh_frame      0x0000000008000a44        0x0 c:/st/stm32cubeide_1.4.0/stm32cubeide/plugins/com.st.stm32cube.ide.mcu.externaltools.gnu-tools-for-stm32.7-2018-q2-update.win32_1.4.0.202007081208/tools/bin/../lib/gcc/arm-none-eabi/7.3.1/thumb/v7-m/crtbegin.o
 *(.init)
 .init          0x0000000008000a44        0x4 c:/st/stm32cubeide_1.4.0/stm32cubeide/plugins/com.st.stm32cube.ide.mcu.externaltools.gnu-tools-for-stm32.7-2018-q2-update.win32_1.4.0.202007081208/tools/bin/../lib/gcc/arm-none-eabi/7.3.1/thumb/v7-m/crti.o
                0x0000000008000a44                _init
 .init          0x0000000008000a48        0x8 c:/st/stm32cubeide_1.4.0/stm32cubeide/plugins/com.st.stm32cube.ide.mcu.externaltools.gnu-tools-for-stm32.7-2018-q2-update.win32_1.4.0.202007081208/tools/bin/../lib/gcc/arm-none-eabi/7.3.1/thumb/v7-m/crtn.o
 *(.fini)
 .fini          0x0000000008000a50        0x4 c:/st/stm32cubeide_1.4.0/stm32cubeide/plugins/com.st.stm32cube.ide.mcu.externaltools.gnu-tools-for-stm32.7-2018-q2-update.win32_1.4.0.202007081208/tools/bin/../lib/gcc/arm-none-eabi/7.3.1/thumb/v7-m/crti.o
                0x0000000008000a50                _fini
 .fini          0x0000000008000a54        0x8 c:/st/stm32cubeide_1.4.0/stm32cubeide/plugins/com.st.stm32cube.ide.mcu.externaltools.gnu-tools-for-stm32.7-2018-q2-update.win32_1.4.0.202007081208/tools/bin/../lib/gcc/arm-none-eabi/7.3.1/thumb/v7-m/crtn.o
                0x0000000008000a5c                . = ALIGN (0x4)
                0x0000000008000a5c                _etext = .

.vfp11_veneer   0x0000000008000a5c        0x0
 .vfp11_veneer  0x0000000008000a5c        0x0 linker stubs

.v4_bx          0x0000000008000a5c        0x0
 .v4_bx         0x0000000008000a5c        0x0 linker stubs

.iplt           0x0000000008000a5c        0x0
 .iplt          0x0000000008000a5c        0x0 c:/st/stm32cubeide_1.4.0/stm32cubeide/plugins/com.st.stm32cube.ide.mcu.externaltools.gnu-tools-for-stm32.7-2018-q2-update.win32_1.4.0.202007081208/tools/bin/../lib/gcc/arm-none-eabi/7.3.1/thumb/v7-m/crtbegin.o

.rodata         0x0000000008000a5c        0x8
                0x0000000008000a5c                . = ALIGN (0x4)
 *(.rodata)
 *(.rodata*)
 .rodata.APBPrescTable
                0x0000000008000a5c        0x8 STM32F103X6_DRIVERS/Stm32_F103C6_RCC_driver.o
                0x0000000008000a5c                APBPrescTable
                0x0000000008000a64                . = ALIGN (0x4)

.rel.dyn        0x0000000008000a64        0x0
 .rel.iplt      0x0000000008000a64        0x0 c:/st/stm32cubeide_1.4.0/stm32cubeide/plugins/com.st.stm32cube.ide.mcu.externaltools.gnu-tools-for-stm32.7-2018-q2-update.win32_1.4.0.202007081208/tools/bin/../lib/gcc/arm-none-eabi/7.3.1/thumb/v7-m/crtbegin.o

.ARM.extab      0x0000000008000a64        0x0
                0x0000000008000a64                . = ALIGN (0x4)
 *(.ARM.extab* .gnu.linkonce.armextab.*)
                0x0000000008000a64                . = ALIGN (0x4)

.ARM            0x0000000008000a64        0x0
                0x0000000008000a64                . = ALIGN (0x4)
                0x0000000008000a64                __exidx_start = .
 *(.ARM.exidx*)
                0x0000000008000a64                __exidx_end = .
                0x0000000008000a64                . = ALIGN (0x4)

.preinit_array  0x0000000008000a64        0x0
                0x0000000008000a64                . = ALIGN (0x4)
                0x0000000008000a64                PROVIDE (__preinit_array_start = .)
 *(.preinit_array*)
                0x0000000008000a64                PROVIDE (__preinit_array_end = .)
                0x0000000008000a64                . = ALIGN (0x4)

.init_array     0x0000000008000a64        0x4
                0x0000000008000a64                . = ALIGN (0x4)
                0x0000000008000a64                PROVIDE (__init_array_start = .)
 *(SORT_BY_NAME(.init_array.*))
 *(.init_array*)
 .init_array    0x0000000008000a64        0x4 c:/st/stm32cubeide_1.4.0/stm32cubeide/plugins/com.st.stm32cube.ide.mcu.externaltools.gnu-tools-for-stm32.7-2018-q2-update.win32_1.4.0.202007081208/tools/bin/../lib/gcc/arm-none-eabi/7.3.1/thumb/v7-m/crtbegin.o
                0x0000000008000a68                PROVIDE (__init_array_end = .)
                0x0000000008000a68                . = ALIGN (0x4)

.fini_array     0x0000000008000a68        0x4
                0x0000000008000a68                . = ALIGN (0x4)
                [!provide]                        PROVIDE (__fini_array_start = .)
 *(SORT_BY_NAME(.fini_array.*))
 *(.fini_array*)
 .fini_array    0x0000000008000a68        0x4 c:/st/stm32cubeide_1.4.0/stm32cubeide/plugins/com.st.stm32cube.ide.mcu.externaltools.gnu-tools-for-stm32.7-2018-q2-update.win32_1.4.0.202007081208/tools/bin/../lib/gcc/arm-none-eabi/7.3.1/thumb/v7-m/crtbegin.o
                [!provide]                        PROVIDE (__fini_array_end = .)
                0x0000000008000a6c                . = ALIGN (0x4)
                0x0000000008000a6c                _sidata = LOADADDR (.data)

.data           0x0000000020000000        0x0 load address 0x0000000008000a6c
                0x0000000020000000                . = ALIGN (0x4)
                0x0000000020000000                _sdata = .
 *(.data)
 *(.data*)
                0x0000000020000000                . = ALIGN (0x4)
                0x0000000020000000                _edata = .

.igot.plt       0x0000000020000000        0x0 load address 0x0000000008000a6c
 .igot.plt      0x0000000020000000        0x0 c:/st/stm32cubeide_1.4.0/stm32cubeide/plugins/com.st.stm32cube.ide.mcu.externaltools.gnu-tools-for-stm32.7-2018-q2-update.win32_1.4.0.202007081208/tools/bin/../lib/gcc/arm-none-eabi/7.3.1/thumb/v7-m/crtbegin.o
                0x0000000020000000                . = ALIGN (0x4)

.bss            0x0000000020000000       0x68 load address 0x0000000008000a6c
                0x0000000020000000                _sbss = .
                0x0000000020000000                __bss_start__ = _sbss
 *(.bss)
 .bss           0x0000000020000000       0x1c c:/st/stm32cubeide_1.4.0/stm32cubeide/plugins/com.st.stm32cube.ide.mcu.externaltools.gnu-tools-for-stm32.7-2018-q2-update.win32_1.4.0.202007081208/tools/bin/../lib/gcc/arm-none-eabi/7.3.1/thumb/v7-m/crtbegin.o
 *(.bss*)
 *(COMMON)
 COMMON         0x000000002000001c       0x3c STM32F103X6_DRIVERS/Stm32_F103C6_EXTI_driver.o
                0x000000002000001c                GP_IRQ_CallBack
 COMMON         0x0000000020000058        0xc STM32F103X6_DRIVERS/Stm32_F103C6_UART_driver.o
                0x0000000020000058                G_UART_Config
 COMMON         0x0000000020000064        0x4 Src/main.o
                0x0000000020000064                ch
                0x0000000020000068                . = ALIGN (0x4)
                0x0000000020000068                _ebss = .
                0x0000000020000068                __bss_end__ = _ebss

._user_heap_stack
                0x0000000020000068      0x600 load address 0x0000000008000a6c
                0x0000000020000068                . = ALIGN (0x8)
                [!provide]                        PROVIDE (end = .)
                0x0000000020000068                PROVIDE (_end = .)
                0x0000000020000268                . = (. + _Min_Heap_Size)
 *fill*         0x0000000020000068      0x200 
                0x0000000020000668                . = (. + _Min_Stack_Size)
 *fill*         0x0000000020000268      0x400 
                0x0000000020000668                . = ALIGN (0x8)

/DISCARD/
 libc.a(*)
 libm.a(*)
 libgcc.a(*)

.ARM.attributes
                0x0000000000000000       0x29
 *(.ARM.attributes)
 .ARM.attributes
                0x0000000000000000       0x1d c:/st/stm32cubeide_1.4.0/stm32cubeide/plugins/com.st.stm32cube.ide.mcu.externaltools.gnu-tools-for-stm32.7-2018-q2-update.win32_1.4.0.202007081208/tools/bin/../lib/gcc/arm-none-eabi/7.3.1/thumb/v7-m/crti.o
 .ARM.attributes
                0x000000000000001d       0x2d c:/st/stm32cubeide_1.4.0/stm32cubeide/plugins/com.st.stm32cube.ide.mcu.externaltools.gnu-tools-for-stm32.7-2018-q2-update.win32_1.4.0.202007081208/tools/bin/../lib/gcc/arm-none-eabi/7.3.1/thumb/v7-m/crtbegin.o
 .ARM.attributes
                0x000000000000004a       0x33 STM32F103X6_DRIVERS/Stm32_F103C6_EXTI_driver.o
 .ARM.attributes
                0x000000000000007d       0x33 STM32F103X6_DRIVERS/Stm32_F103C6_RCC_driver.o
 .ARM.attributes
                0x00000000000000b0       0x33 STM32F103X6_DRIVERS/Stm32_F103C6_UART_driver.o
 .ARM.attributes
                0x00000000000000e3       0x33 STM32F103X6_DRIVERS/Stm32_F103C6_gpio_driver.o
 .ARM.attributes
                0x0000000000000116       0x33 Src/main.o
 .ARM.attributes
                0x0000000000000149       0x21 Startup/startup_stm32f103c6tx.o
 .ARM.attributes
                0x000000000000016a       0x2d c:/st/stm32cubeide_1.4.0/stm32cubeide/plugins/com.st.stm32cube.ide.mcu.externaltools.gnu-tools-for-stm32.7-2018-q2-update.win32_1.4.0.202007081208/tools/bin/../lib/gcc/arm-none-eabi/7.3.1/../../../../arm-none-eabi/lib/thumb/v7-m\libc_nano.a(lib_a-init.o)
 .ARM.attributes
                0x0000000000000197       0x1d c:/st/stm32cubeide_1.4.0/stm32cubeide/plugins/com.st.stm32cube.ide.mcu.externaltools.gnu-tools-for-stm32.7-2018-q2-update.win32_1.4.0.202007081208/tools/bin/../lib/gcc/arm-none-eabi/7.3.1/thumb/v7-m/crtn.o
OUTPUT(UART_LAB.elf elf32-littlearm)

.debug_info     0x0000000000000000     0x198b
 .debug_info    0x0000000000000000      0x436 STM32F103X6_DRIVERS/Stm32_F103C6_EXTI_driver.o
 .debug_info    0x0000000000000436      0x1e9 STM32F103X6_DRIVERS/Stm32_F103C6_RCC_driver.o
 .debug_info    0x000000000000061f      0x4a2 STM32F103X6_DRIVERS/Stm32_F103C6_UART_driver.o
 .debug_info    0x0000000000000ac1      0x3ee STM32F103X6_DRIVERS/Stm32_F103C6_gpio_driver.o
 .debug_info    0x0000000000000eaf      0xaba Src/main.o
 .debug_info    0x0000000000001969       0x22 Startup/startup_stm32f103c6tx.o

.debug_abbrev   0x0000000000000000      0x65a
 .debug_abbrev  0x0000000000000000      0x160 STM32F103X6_DRIVERS/Stm32_F103C6_EXTI_driver.o
 .debug_abbrev  0x0000000000000160       0xc6 STM32F103X6_DRIVERS/Stm32_F103C6_RCC_driver.o
 .debug_abbrev  0x0000000000000226      0x166 STM32F103X6_DRIVERS/Stm32_F103C6_UART_driver.o
 .debug_abbrev  0x000000000000038c       0xd8 STM32F103X6_DRIVERS/Stm32_F103C6_gpio_driver.o
 .debug_abbrev  0x0000000000000464      0x1e4 Src/main.o
 .debug_abbrev  0x0000000000000648       0x12 Startup/startup_stm32f103c6tx.o

.debug_aranges  0x0000000000000000      0x1c0
 .debug_aranges
                0x0000000000000000       0x80 STM32F103X6_DRIVERS/Stm32_F103C6_EXTI_driver.o
 .debug_aranges
                0x0000000000000080       0x38 STM32F103X6_DRIVERS/Stm32_F103C6_RCC_driver.o
 .debug_aranges
                0x00000000000000b8       0x60 STM32F103X6_DRIVERS/Stm32_F103C6_UART_driver.o
 .debug_aranges
                0x0000000000000118       0x58 STM32F103X6_DRIVERS/Stm32_F103C6_gpio_driver.o
 .debug_aranges
                0x0000000000000170       0x28 Src/main.o
 .debug_aranges
                0x0000000000000198       0x28 Startup/startup_stm32f103c6tx.o

.debug_ranges   0x0000000000000000      0x168
 .debug_ranges  0x0000000000000000       0x70 STM32F103X6_DRIVERS/Stm32_F103C6_EXTI_driver.o
 .debug_ranges  0x0000000000000070       0x28 STM32F103X6_DRIVERS/Stm32_F103C6_RCC_driver.o
 .debug_ranges  0x0000000000000098       0x50 STM32F103X6_DRIVERS/Stm32_F103C6_UART_driver.o
 .debug_ranges  0x00000000000000e8       0x48 STM32F103X6_DRIVERS/Stm32_F103C6_gpio_driver.o
 .debug_ranges  0x0000000000000130       0x18 Src/main.o
 .debug_ranges  0x0000000000000148       0x20 Startup/startup_stm32f103c6tx.o

.debug_macro    0x0000000000000000     0x289a
 .debug_macro   0x0000000000000000       0x90 STM32F103X6_DRIVERS/Stm32_F103C6_EXTI_driver.o
 .debug_macro   0x0000000000000090      0xa60 STM32F103X6_DRIVERS/Stm32_F103C6_EXTI_driver.o
 .debug_macro   0x0000000000000af0       0x22 STM32F103X6_DRIVERS/Stm32_F103C6_EXTI_driver.o
 .debug_macro   0x0000000000000b12       0x8e STM32F103X6_DRIVERS/Stm32_F103C6_EXTI_driver.o
 .debug_macro   0x0000000000000ba0       0x51 STM32F103X6_DRIVERS/Stm32_F103C6_EXTI_driver.o
 .debug_macro   0x0000000000000bf1       0xef STM32F103X6_DRIVERS/Stm32_F103C6_EXTI_driver.o
 .debug_macro   0x0000000000000ce0       0x6a STM32F103X6_DRIVERS/Stm32_F103C6_EXTI_driver.o
 .debug_macro   0x0000000000000d4a      0x1df STM32F103X6_DRIVERS/Stm32_F103C6_EXTI_driver.o
 .debug_macro   0x0000000000000f29      0x240 STM32F103X6_DRIVERS/Stm32_F103C6_EXTI_driver.o
 .debug_macro   0x0000000000001169       0xd6 STM32F103X6_DRIVERS/Stm32_F103C6_EXTI_driver.o
 .debug_macro   0x000000000000123f      0x223 STM32F103X6_DRIVERS/Stm32_F103C6_EXTI_driver.o
 .debug_macro   0x0000000000001462       0x7b STM32F103X6_DRIVERS/Stm32_F103C6_RCC_driver.o
 .debug_macro   0x00000000000014dd      0x246 STM32F103X6_DRIVERS/Stm32_F103C6_RCC_driver.o
 .debug_macro   0x0000000000001723       0x10 STM32F103X6_DRIVERS/Stm32_F103C6_RCC_driver.o
 .debug_macro   0x0000000000001733       0x93 STM32F103X6_DRIVERS/Stm32_F103C6_UART_driver.o
 .debug_macro   0x00000000000017c6       0x16 STM32F103X6_DRIVERS/Stm32_F103C6_UART_driver.o
 .debug_macro   0x00000000000017dc       0xd7 STM32F103X6_DRIVERS/Stm32_F103C6_UART_driver.o
 .debug_macro   0x00000000000018b3       0x81 STM32F103X6_DRIVERS/Stm32_F103C6_gpio_driver.o
 .debug_macro   0x0000000000001934       0xd0 STM32F103X6_DRIVERS/Stm32_F103C6_gpio_driver.o
 .debug_macro   0x0000000000001a04      0x237 Src/main.o
 .debug_macro   0x0000000000001c3b       0x18 Src/main.o
 .debug_macro   0x0000000000001c53       0x46 Src/main.o
 .debug_macro   0x0000000000001c99       0x3c Src/main.o
 .debug_macro   0x0000000000001cd5       0x34 Src/main.o
 .debug_macro   0x0000000000001d09       0x16 Src/main.o
 .debug_macro   0x0000000000001d1f      0x10e Src/main.o
 .debug_macro   0x0000000000001e2d       0x8d Src/main.o
 .debug_macro   0x0000000000001eba       0x52 Src/main.o
 .debug_macro   0x0000000000001f0c       0x1f Src/main.o
 .debug_macro   0x0000000000001f2b       0x43 Src/main.o
 .debug_macro   0x0000000000001f6e       0x20 Src/main.o
 .debug_macro   0x0000000000001f8e      0x1a3 Src/main.o
 .debug_macro   0x0000000000002131      0x330 Src/main.o
 .debug_macro   0x0000000000002461       0x16 Src/main.o
 .debug_macro   0x0000000000002477       0x29 Src/main.o
 .debug_macro   0x00000000000024a0       0x1c Src/main.o
 .debug_macro   0x00000000000024bc       0x35 Src/main.o
 .debug_macro   0x00000000000024f1       0x10 Src/main.o
 .debug_macro   0x0000000000002501       0x10 Src/main.o
 .debug_macro   0x0000000000002511       0x1c Src/main.o
 .debug_macro   0x000000000000252d       0x52 Src/main.o
 .debug_macro   0x000000000000257f       0x40 Src/main.o
 .debug_macro   0x00000000000025bf       0x10 Src/main.o
 .debug_macro   0x00000000000025cf       0x40 Src/main.o
 .debug_macro   0x000000000000260f       0xd7 Src/main.o
 .debug_macro   0x00000000000026e6       0x1c Src/main.o
 .debug_macro   0x0000000000002702       0x3d Src/main.o
 .debug_macro   0x000000000000273f       0x16 Src/main.o
 .debug_macro   0x0000000000002755      0x145 Src/main.o

.debug_line     0x0000000000000000     0x1c02
 .debug_line    0x0000000000000000      0x614 STM32F103X6_DRIVERS/Stm32_F103C6_EXTI_driver.o
 .debug_line    0x0000000000000614      0x44f STM32F103X6_DRIVERS/Stm32_F103C6_RCC_driver.o
 .debug_line    0x0000000000000a63      0x598 STM32F103X6_DRIVERS/Stm32_F103C6_UART_driver.o
 .debug_line    0x0000000000000ffb      0x50f STM32F103X6_DRIVERS/Stm32_F103C6_gpio_driver.o
 .debug_line    0x000000000000150a      0x674 Src/main.o
 .debug_line    0x0000000000001b7e       0x84 Startup/startup_stm32f103c6tx.o

.debug_str      0x0000000000000000     0xae0d
 .debug_str     0x0000000000000000     0x602d STM32F103X6_DRIVERS/Stm32_F103C6_EXTI_driver.o
                                       0x61b6 (size before relaxing)
 .debug_str     0x000000000000602d      0x153 STM32F103X6_DRIVERS/Stm32_F103C6_RCC_driver.o
                                       0x48f1 (size before relaxing)
 .debug_str     0x0000000000006180      0x6f0 STM32F103X6_DRIVERS/Stm32_F103C6_UART_driver.o
                                       0x538d (size before relaxing)
 .debug_str     0x0000000000006870      0x117 STM32F103X6_DRIVERS/Stm32_F103C6_gpio_driver.o
                                       0x4d44 (size before relaxing)
 .debug_str     0x0000000000006987     0x4455 Src/main.o
                                       0xaa95 (size before relaxing)
 .debug_str     0x000000000000addc       0x31 Startup/startup_stm32f103c6tx.o
                                         0x65 (size before relaxing)

.comment        0x0000000000000000       0x7b
 .comment       0x0000000000000000       0x7b STM32F103X6_DRIVERS/Stm32_F103C6_EXTI_driver.o
                                         0x7c (size before relaxing)
 .comment       0x000000000000007b       0x7c STM32F103X6_DRIVERS/Stm32_F103C6_RCC_driver.o
 .comment       0x000000000000007b       0x7c STM32F103X6_DRIVERS/Stm32_F103C6_UART_driver.o
 .comment       0x000000000000007b       0x7c STM32F103X6_DRIVERS/Stm32_F103C6_gpio_driver.o
 .comment       0x000000000000007b       0x7c Src/main.o

.debug_frame    0x0000000000000000      0x548
 .debug_frame   0x0000000000000000      0x1b0 STM32F103X6_DRIVERS/Stm32_F103C6_EXTI_driver.o
 .debug_frame   0x00000000000001b0       0x84 STM32F103X6_DRIVERS/Stm32_F103C6_RCC_driver.o
 .debug_frame   0x0000000000000234      0x14c STM32F103X6_DRIVERS/Stm32_F103C6_UART_driver.o
 .debug_frame   0x0000000000000380      0x150 STM32F103X6_DRIVERS/Stm32_F103C6_gpio_driver.o
 .debug_frame   0x00000000000004d0       0x4c Src/main.o
 .debug_frame   0x000000000000051c       0x2c c:/st/stm32cubeide_1.4.0/stm32cubeide/plugins/com.st.stm32cube.ide.mcu.externaltools.gnu-tools-for-stm32.7-2018-q2-update.win32_1.4.0.202007081208/tools/bin/../lib/gcc/arm-none-eabi/7.3.1/../../../../arm-none-eabi/lib/thumb/v7-m\libc_nano.a(lib_a-init.o)
