
Memory Configuration

Name             Origin             Length             Attributes
flash            0x0000000000000000 0x0000000020000000 xr
sram             0x0000000020000000 0x0000000020000000 xrw
*default*        0x0000000000000000 0xffffffffffffffff

Linker script and memory map


.text           0x0000000000000000      0x138
 *(.vectors*)
 .vectors       0x0000000000000000       0x1c startup.o
                0x0000000000000000                g_p_fn_vectores
 *(.text*)
 .text          0x000000000000001c       0x8c main.o
                0x000000000000001c                main
 .text          0x00000000000000a8       0x90 startup.o
                0x00000000000000a8                H_Fault_Handler
                0x00000000000000a8                MM_Fault_Handler
                0x00000000000000a8                Bus_Fault
                0x00000000000000a8                Default_Handler
                0x00000000000000a8                Usage_Fault_Handler
                0x00000000000000a8                NMI_Handler
                0x00000000000000b4                Rest_Handler
 *(.rodata)
                0x0000000000000138                _E_text = .

.glue_7         0x0000000000000138        0x0
 .glue_7        0x0000000000000138        0x0 linker stubs

.glue_7t        0x0000000000000138        0x0
 .glue_7t       0x0000000000000138        0x0 linker stubs

.vfp11_veneer   0x0000000000000138        0x0
 .vfp11_veneer  0x0000000000000138        0x0 linker stubs

.v4_bx          0x0000000000000138        0x0
 .v4_bx         0x0000000000000138        0x0 linker stubs

.iplt           0x0000000000000138        0x0
 .iplt          0x0000000000000138        0x0 main.o

.rel.dyn        0x0000000000000138        0x0
 .rel.iplt      0x0000000000000138        0x0 main.o

.data           0x0000000020000000        0x0 load address 0x0000000000000138
                0x0000000020000000                _S_Data = .
 *(.data)
 .data          0x0000000020000000        0x0 main.o
 .data          0x0000000020000000        0x0 startup.o
                0x0000000020000000                _E_Data = .

.igot.plt       0x0000000020000000        0x0 load address 0x0000000000000138
 .igot.plt      0x0000000020000000        0x0 main.o

.bss            0x0000000020000000      0x400 load address 0x0000000000000138
                0x0000000020000000                _S_bss = .
 *(.bss*)
 .bss           0x0000000020000000        0x0 main.o
 .bss           0x0000000020000000      0x400 startup.o
                0x0000000020000400                . = ALIGN (0x4)
                0x0000000020000400                _E_bss = .
LOAD main.o
LOAD startup.o
OUTPUT(Lab4_cortexM4.elf elf32-littlearm)

.debug_info     0x0000000000000000      0x224
 .debug_info    0x0000000000000000       0x9e main.o
 .debug_info    0x000000000000009e      0x186 startup.o

.debug_abbrev   0x0000000000000000      0x135
 .debug_abbrev  0x0000000000000000       0x67 main.o
 .debug_abbrev  0x0000000000000067       0xce startup.o

.debug_loc      0x0000000000000000       0xb4
 .debug_loc     0x0000000000000000       0x38 main.o
 .debug_loc     0x0000000000000038       0x7c startup.o

.debug_aranges  0x0000000000000000       0x40
 .debug_aranges
                0x0000000000000000       0x20 main.o
 .debug_aranges
                0x0000000000000020       0x20 startup.o

.debug_line     0x0000000000000000       0xf4
 .debug_line    0x0000000000000000       0x77 main.o
 .debug_line    0x0000000000000077       0x7d startup.o

.debug_str      0x0000000000000000      0x1c9
 .debug_str     0x0000000000000000      0x13d main.o
                                        0x15b (size before relaxing)
 .debug_str     0x000000000000013d       0x8c startup.o
                                        0x1cd (size before relaxing)

.comment        0x0000000000000000       0x7b
 .comment       0x0000000000000000       0x7b main.o
                                         0x7c (size before relaxing)
 .comment       0x000000000000007b       0x7c startup.o

.ARM.attributes
                0x0000000000000000       0x33
 .ARM.attributes
                0x0000000000000000       0x33 main.o
 .ARM.attributes
                0x0000000000000033       0x33 startup.o

.debug_frame    0x0000000000000000       0x7c
 .debug_frame   0x0000000000000000       0x2c main.o
 .debug_frame   0x000000000000002c       0x50 startup.o
